Archive member included to satisfy reference by file (symbol)

C:/ST/STM32CubeIDE_1.14.1/STM32CubeIDE/plugins/com.st.stm32cube.ide.mcu.externaltools.gnu-tools-for-stm32.11.3.rel1.win32_1.1.100.202309141235/tools/bin/../lib/gcc/arm-none-eabi/11.3.1/../../../../arm-none-eabi/lib/thumb/v7-m/nofp\libc_nano.a(libc_a-exit.o)
                              C:/ST/STM32CubeIDE_1.14.1/STM32CubeIDE/plugins/com.st.stm32cube.ide.mcu.externaltools.gnu-tools-for-stm32.11.3.rel1.win32_1.1.100.202309141235/tools/bin/../lib/gcc/arm-none-eabi/11.3.1/../../../../arm-none-eabi/lib/thumb/v7-m/nofp/crt0.o (exit)
C:/ST/STM32CubeIDE_1.14.1/STM32CubeIDE/plugins/com.st.stm32cube.ide.mcu.externaltools.gnu-tools-for-stm32.11.3.rel1.win32_1.1.100.202309141235/tools/bin/../lib/gcc/arm-none-eabi/11.3.1/../../../../arm-none-eabi/lib/thumb/v7-m/nofp\libc_nano.a(libc_a-findfp.o)
                              ./Middlewares/Third_Party/FreeRTOS/Source/tasks.o (__sf)
C:/ST/STM32CubeIDE_1.14.1/STM32CubeIDE/plugins/com.st.stm32cube.ide.mcu.externaltools.gnu-tools-for-stm32.11.3.rel1.win32_1.1.100.202309141235/tools/bin/../lib/gcc/arm-none-eabi/11.3.1/../../../../arm-none-eabi/lib/thumb/v7-m/nofp\libc_nano.a(libc_a-fwalk.o)
                              C:/ST/STM32CubeIDE_1.14.1/STM32CubeIDE/plugins/com.st.stm32cube.ide.mcu.externaltools.gnu-tools-for-stm32.11.3.rel1.win32_1.1.100.202309141235/tools/bin/../lib/gcc/arm-none-eabi/11.3.1/../../../../arm-none-eabi/lib/thumb/v7-m/nofp\libc_nano.a(libc_a-findfp.o) (_fwalk_sglue)
C:/ST/STM32CubeIDE_1.14.1/STM32CubeIDE/plugins/com.st.stm32cube.ide.mcu.externaltools.gnu-tools-for-stm32.11.3.rel1.win32_1.1.100.202309141235/tools/bin/../lib/gcc/arm-none-eabi/11.3.1/../../../../arm-none-eabi/lib/thumb/v7-m/nofp\libc_nano.a(libc_a-stdio.o)
                              C:/ST/STM32CubeIDE_1.14.1/STM32CubeIDE/plugins/com.st.stm32cube.ide.mcu.externaltools.gnu-tools-for-stm32.11.3.rel1.win32_1.1.100.202309141235/tools/bin/../lib/gcc/arm-none-eabi/11.3.1/../../../../arm-none-eabi/lib/thumb/v7-m/nofp\libc_nano.a(libc_a-findfp.o) (__sread)
C:/ST/STM32CubeIDE_1.14.1/STM32CubeIDE/plugins/com.st.stm32cube.ide.mcu.externaltools.gnu-tools-for-stm32.11.3.rel1.win32_1.1.100.202309141235/tools/bin/../lib/gcc/arm-none-eabi/11.3.1/../../../../arm-none-eabi/lib/thumb/v7-m/nofp\libc_nano.a(libc_a-memset.o)
                              C:/ST/STM32CubeIDE_1.14.1/STM32CubeIDE/plugins/com.st.stm32cube.ide.mcu.externaltools.gnu-tools-for-stm32.11.3.rel1.win32_1.1.100.202309141235/tools/bin/../lib/gcc/arm-none-eabi/11.3.1/../../../../arm-none-eabi/lib/thumb/v7-m/nofp/crt0.o (memset)
C:/ST/STM32CubeIDE_1.14.1/STM32CubeIDE/plugins/com.st.stm32cube.ide.mcu.externaltools.gnu-tools-for-stm32.11.3.rel1.win32_1.1.100.202309141235/tools/bin/../lib/gcc/arm-none-eabi/11.3.1/../../../../arm-none-eabi/lib/thumb/v7-m/nofp\libc_nano.a(libc_a-closer.o)
                              C:/ST/STM32CubeIDE_1.14.1/STM32CubeIDE/plugins/com.st.stm32cube.ide.mcu.externaltools.gnu-tools-for-stm32.11.3.rel1.win32_1.1.100.202309141235/tools/bin/../lib/gcc/arm-none-eabi/11.3.1/../../../../arm-none-eabi/lib/thumb/v7-m/nofp\libc_nano.a(libc_a-stdio.o) (_close_r)
C:/ST/STM32CubeIDE_1.14.1/STM32CubeIDE/plugins/com.st.stm32cube.ide.mcu.externaltools.gnu-tools-for-stm32.11.3.rel1.win32_1.1.100.202309141235/tools/bin/../lib/gcc/arm-none-eabi/11.3.1/../../../../arm-none-eabi/lib/thumb/v7-m/nofp\libc_nano.a(libc_a-reent.o)
                              ./Middlewares/Third_Party/FreeRTOS/Source/tasks.o (_reclaim_reent)
C:/ST/STM32CubeIDE_1.14.1/STM32CubeIDE/plugins/com.st.stm32cube.ide.mcu.externaltools.gnu-tools-for-stm32.11.3.rel1.win32_1.1.100.202309141235/tools/bin/../lib/gcc/arm-none-eabi/11.3.1/../../../../arm-none-eabi/lib/thumb/v7-m/nofp\libc_nano.a(libc_a-impure.o)
                              ./Middlewares/Third_Party/FreeRTOS/Source/tasks.o (_impure_ptr)
C:/ST/STM32CubeIDE_1.14.1/STM32CubeIDE/plugins/com.st.stm32cube.ide.mcu.externaltools.gnu-tools-for-stm32.11.3.rel1.win32_1.1.100.202309141235/tools/bin/../lib/gcc/arm-none-eabi/11.3.1/../../../../arm-none-eabi/lib/thumb/v7-m/nofp\libc_nano.a(libc_a-lseekr.o)
                              C:/ST/STM32CubeIDE_1.14.1/STM32CubeIDE/plugins/com.st.stm32cube.ide.mcu.externaltools.gnu-tools-for-stm32.11.3.rel1.win32_1.1.100.202309141235/tools/bin/../lib/gcc/arm-none-eabi/11.3.1/../../../../arm-none-eabi/lib/thumb/v7-m/nofp\libc_nano.a(libc_a-stdio.o) (_lseek_r)
C:/ST/STM32CubeIDE_1.14.1/STM32CubeIDE/plugins/com.st.stm32cube.ide.mcu.externaltools.gnu-tools-for-stm32.11.3.rel1.win32_1.1.100.202309141235/tools/bin/../lib/gcc/arm-none-eabi/11.3.1/../../../../arm-none-eabi/lib/thumb/v7-m/nofp\libc_nano.a(libc_a-readr.o)
                              C:/ST/STM32CubeIDE_1.14.1/STM32CubeIDE/plugins/com.st.stm32cube.ide.mcu.externaltools.gnu-tools-for-stm32.11.3.rel1.win32_1.1.100.202309141235/tools/bin/../lib/gcc/arm-none-eabi/11.3.1/../../../../arm-none-eabi/lib/thumb/v7-m/nofp\libc_nano.a(libc_a-stdio.o) (_read_r)
[...]
Memory Configuration

Name             Origin             Length             Attributes
RAM              0x0000000020000000 0x0000000000014000 xrw
FLASH            0x0000000008000000 0x0000000000080000 xr
*default*        0x0000000000000000 0xffffffffffffffff

Linker script and memory map

LOAD C:/ST/STM32CubeIDE_1.14.1/STM32CubeIDE/plugins/com.st.stm32cube.ide.mcu.externaltools.gnu-tools-for-stm32.11.3.rel1.win32_1.1.100.202309141235/tools/bin/../lib/gcc/arm-none-eabi/11.3.1/thumb/v7-m/nofp/crti.o
LOAD C:/ST/STM32CubeIDE_1.14.1/STM32CubeIDE/plugins/com.st.stm32cube.ide.mcu.externaltools.gnu-tools-for-stm32.11.3.rel1.win32_1.1.100.202309141235/tools/bin/../lib/gcc/arm-none-eabi/11.3.1/thumb/v7-m/nofp/crtbegin.o
LOAD C:/ST/STM32CubeIDE_1.14.1/STM32CubeIDE/plugins/com.st.stm32cube.ide.mcu.externaltools.gnu-tools-for-stm32.11.3.rel1.win32_1.1.100.202309141235/tools/bin/../lib/gcc/arm-none-eabi/11.3.1/../../../../arm-none-eabi/lib/thumb/v7-m/nofp/crt0.o
LOAD ./Core/Src/distance_sensor.o
LOAD ./Core/Src/freertos.o
LOAD ./Core/Src/led.o
LOAD ./Core/Src/main.o
LOAD ./Core/Src/mutex.o
LOAD ./Core/Src/stm32l1xx_hal_msp.o
LOAD ./Core/Src/stm32l1xx_it.o
LOAD ./Core/Src/syscalls.o
LOAD ./Core/Src/sysmem.o
LOAD ./Core/Src/system_stm32l1xx.o
LOAD ./Core/Src/task_manager.o
LOAD ./Core/Src/temperature_sensor.o
LOAD ./Core/Startup/startup_stm32l152retx.o
LOAD ./Drivers/STM32L1xx_HAL_Driver/Src/stm32l1xx_hal.o
LOAD ./Drivers/STM32L1xx_HAL_Driver/Src/stm32l1xx_hal_adc.o
LOAD ./Drivers/STM32L1xx_HAL_Driver/Src/stm32l1xx_hal_adc_ex.o
LOAD ./Drivers/STM32L1xx_HAL_Driver/Src/stm32l1xx_hal_cortex.o
LOAD ./Drivers/STM32L1xx_HAL_Driver/Src/stm32l1xx_hal_dma.o
LOAD ./Drivers/STM32L1xx_HAL_Driver/Src/stm32l1xx_hal_exti.o
LOAD ./Drivers/STM32L1xx_HAL_Driver/Src/stm32l1xx_hal_flash.o
LOAD ./Drivers/STM32L1xx_HAL_Driver/Src/stm32l1xx_hal_flash_ex.o
LOAD ./Drivers/STM32L1xx_HAL_Driver/Src/stm32l1xx_hal_flash_ramfunc.o
LOAD ./Drivers/STM32L1xx_HAL_Driver/Src/stm32l1xx_hal_gpio.o
LOAD ./Drivers/STM32L1xx_HAL_Driver/Src/stm32l1xx_hal_pwr.o
LOAD ./Drivers/STM32L1xx_HAL_Driver/Src/stm32l1xx_hal_pwr_ex.o
LOAD ./Drivers/STM32L1xx_HAL_Driver/Src/stm32l1xx_hal_rcc.o
LOAD ./Drivers/STM32L1xx_HAL_Driver/Src/stm32l1xx_hal_rcc_ex.o
LOAD ./Drivers/STM32L1xx_HAL_Driver/Src/stm32l1xx_hal_tim.o
LOAD ./Drivers/STM32L1xx_HAL_Driver/Src/stm32l1xx_hal_tim_ex.o
LOAD ./Middlewares/Third_Party/FreeRTOS/Source/CMSIS_RTOS_V2/cmsis_os2.o
LOAD ./Middlewares/Third_Party/FreeRTOS/Source/croutine.o
LOAD ./Middlewares/Third_Party/FreeRTOS/Source/event_groups.o
LOAD ./Middlewares/Third_Party/FreeRTOS/Source/list.o
LOAD ./Middlewares/Third_Party/FreeRTOS/Source/queue.o
LOAD ./Middlewares/Third_Party/FreeRTOS/Source/stream_buffer.o
LOAD ./Middlewares/Third_Party/FreeRTOS/Source/tasks.o
LOAD ./Middlewares/Third_Party/FreeRTOS/Source/timers.o
LOAD ./Middlewares/Third_Party/FreeRTOS/Source/portable/GCC/ARM_CM3/port.o
LOAD ./Middlewares/Third_Party/FreeRTOS/Source/portable/MemMang/heap_4.o
START GROUP
LOAD C:/ST/STM32CubeIDE_1.14.1/STM32CubeIDE/plugins/com.st.stm32cube.ide.mcu.externaltools.gnu-tools-for-stm32.11.3.rel1.win32_1.1.100.202309141235/tools/bin/../lib/gcc/arm-none-eabi/11.3.1/../../../../arm-none-eabi/lib/thumb/v7-m/nofp\libc_nano.a
LOAD C:/ST/STM32CubeIDE_1.14.1/STM32CubeIDE/plugins/com.st.stm32cube.ide.mcu.externaltools.gnu-tools-for-stm32.11.3.rel1.win32_1.1.100.202309141235/tools/bin/../lib/gcc/arm-none-eabi/11.3.1/../../../../arm-none-eabi/lib/thumb/v7-m/nofp\libm.a
END GROUP
START GROUP
LOAD C:/ST/STM32CubeIDE_1.14.1/STM32CubeIDE/plugins/com.st.stm32cube.ide.mcu.externaltools.gnu-tools-for-stm32.11.3.rel1.win32_1.1.100.202309141235/tools/bin/../lib/gcc/arm-none-eabi/11.3.1/thumb/v7-m/nofp\libgcc.a
LOAD C:/ST/STM32CubeIDE_1.14.1/STM32CubeIDE/plugins/com.st.stm32cube.ide.mcu.externaltools.gnu-tools-for-stm32.11.3.rel1.win32_1.1.100.202309141235/tools/bin/../lib/gcc/arm-none-eabi/11.3.1/../../../../arm-none-eabi/lib/thumb/v7-m/nofp\libc_nano.a
END GROUP
START GROUP
LOAD C:/ST/STM32CubeIDE_1.14.1/STM32CubeIDE/plugins/com.st.stm32cube.ide.mcu.externaltools.gnu-tools-for-stm32.11.3.rel1.win32_1.1.100.202309141235/tools/bin/../lib/gcc/arm-none-eabi/11.3.1/thumb/v7-m/nofp\libgcc.a
LOAD C:/ST/STM32CubeIDE_1.14.1/STM32CubeIDE/plugins/com.st.stm32cube.ide.mcu.externaltools.gnu-tools-for-stm32.11.3.rel1.win32_1.1.100.202309141235/tools/bin/../lib/gcc/arm-none-eabi/11.3.1/../../../../arm-none-eabi/lib/thumb/v7-m/nofp\libc_nano.a
LOAD C:/ST/STM32CubeIDE_1.14.1/STM32CubeIDE/plugins/com.st.stm32cube.ide.mcu.externaltools.gnu-tools-for-stm32.11.3.rel1.win32_1.1.100.202309141235/tools/bin/../lib/gcc/arm-none-eabi/11.3.1/../../../../arm-none-eabi/lib/thumb/v7-m/nofp\libnosys.a
END GROUP
START GROUP
LOAD C:/ST/STM32CubeIDE_1.14.1/STM32CubeIDE/plugins/com.st.stm32cube.ide.mcu.externaltools.gnu-tools-for-stm32.11.3.rel1.win32_1.1.100.202309141235/tools/bin/../lib/gcc/arm-none-eabi/11.3.1/thumb/v7-m/nofp\libgcc.a
LOAD C:/ST/STM32CubeIDE_1.14.1/STM32CubeIDE/plugins/com.st.stm32cube.ide.mcu.externaltools.gnu-tools-for-stm32.11.3.rel1.win32_1.1.100.202309141235/tools/bin/../lib/gcc/arm-none-eabi/11.3.1/../../../../arm-none-eabi/lib/thumb/v7-m/nofp\libc_nano.a
LOAD C:/ST/STM32CubeIDE_1.14.1/STM32CubeIDE/plugins/com.st.stm32cube.ide.mcu.externaltools.gnu-tools-for-stm32.11.3.rel1.win32_1.1.100.202309141235/tools/bin/../lib/gcc/arm-none-eabi/11.3.1/../../../../arm-none-eabi/lib/thumb/v7-m/nofp\libnosys.a
END GROUP
LOAD C:/ST/STM32CubeIDE_1.14.1/STM32CubeIDE/plugins/com.st.stm32cube.ide.mcu.externaltools.gnu-tools-for-stm32.11.3.rel1.win32_1.1.100.202309141235/tools/bin/../lib/gcc/arm-none-eabi/11.3.1/thumb/v7-m/nofp/crtend.o
LOAD C:/ST/STM32CubeIDE_1.14.1/STM32CubeIDE/plugins/com.st.stm32cube.ide.mcu.externaltools.gnu-tools-for-stm32.11.3.rel1.win32_1.1.100.202309141235/tools/bin/../lib/gcc/arm-none-eabi/11.3.1/thumb/v7-m/nofp/crtn.o
                0x0000000020014000                _estack = (ORIGIN (RAM) + LENGTH (RAM))
                0x0000000000000200                _Min_Heap_Size = 0x200
                0x0000000000000400                _Min_Stack_Size = 0x400

.isr_vector     0x0000000008000000      0x13c
                0x0000000008000000                . = ALIGN (0x4)
 *(.isr_vector)
 .isr_vector    0x0000000008000000      0x13c ./Core/Startup/startup_stm32l152retx.o
                0x0000000008000000                g_pfnVectors
                0x000000000800013c                . = ALIGN (0x4)

.text           0x0000000008000140     0x6de0
                0x0000000008000140                . = ALIGN (0x4)
 *(.text)
 .text          0x0000000008000140       0x40 C:/ST/STM32CubeIDE_1.14.1/STM32CubeIDE/plugins/com.st.stm32cube.ide.mcu.externaltools.gnu-tools-for-stm32.11.3.rel1.win32_1.1.100.202309141235/tools/bin/../lib/gcc/arm-none-eabi/11.3.1/thumb/v7-m/nofp/crtbegin.o
 .text          0x0000000008000180      0x378 C:/ST/STM32CubeIDE_1.14.1/STM32CubeIDE/plugins/com.st.stm32cube.ide.mcu.externaltools.gnu-tools-for-stm32.11.3.rel1.win32_1.1.100.202309141235/tools/bin/../lib/gcc/arm-none-eabi/11.3.1/thumb/v7-m/nofp\libgcc.a(_arm_addsubdf3.o)
                0x0000000008000180                __aeabi_drsub
                0x0000000008000188                __aeabi_dsub
                0x0000000008000188                __subdf3
                0x000000000800018c                __aeabi_dadd
                0x000000000800018c                __adddf3
                0x0000000008000404                __floatunsidf
                0x0000000008000404                __aeabi_ui2d
                0x0000000008000424                __floatsidf
                0x0000000008000424                __aeabi_i2d
                0x0000000008000448                __aeabi_f2d
                0x0000000008000448                __extendsfdf2
                0x000000000800048c                __floatundidf
                0x000000000800048c                __aeabi_ul2d
                0x000000000800049c                __floatdidf
                0x000000000800049c                __aeabi_l2d
 .text          0x00000000080004f8      0x424 C:/ST/STM32CubeIDE_1.14.1/STM32CubeIDE/plugins/com.st.stm32cube.ide.mcu.externaltools.gnu-tools-for-stm32.11.3.rel1.win32_1.1.100.202309141235/tools/bin/../lib/gcc/arm-none-eabi/11.3.1/thumb/v7-m/nofp\libgcc.a(_arm_muldivdf3.o)
                0x00000000080004f8                __aeabi_dmul
                0x00000000080004f8                __muldf3
                0x000000000800074c                __divdf3
                0x000000000800074c                __aeabi_ddiv
 .text          0x000000000800091c       0xa0 C:/ST/STM32CubeIDE_1.14.1/STM32CubeIDE/plugins/com.st.stm32cube.ide.mcu.externaltools.gnu-tools-for-stm32.11.3.rel1.win32_1.1.100.202309141235/tools/bin/../lib/gcc/arm-none-eabi/11.3.1/thumb/v7-m/nofp\libgcc.a(_arm_truncdfsf2.o)
                0x000000000800091c                __truncdfsf2
                0x000000000800091c                __aeabi_d2f
 .text          0x00000000080009bc      0x21c C:/ST/STM32CubeIDE_1.14.1/STM32CubeIDE/plugins/com.st.stm32cube.ide.mcu.externaltools.gnu-tools-for-stm32.11.3.rel1.win32_1.1.100.202309141235/tools/bin/../lib/gcc/arm-none-eabi/11.3.1/thumb/v7-m/nofp\libgcc.a(_arm_addsubsf3.o)
                0x00000000080009bc                __aeabi_frsub
                0x00000000080009c4                __subsf3
                0x00000000080009c4                __aeabi_fsub
                0x00000000080009c8                __aeabi_fadd
                0x00000000080009c8                __addsf3
                0x0000000008000b28                __aeabi_ui2f
                0x0000000008000b28                __floatunsisf
                0x0000000008000b30                __aeabi_i2f
                0x0000000008000b30                __floatsisf
                0x0000000008000b4c                __aeabi_ul2f
                0x0000000008000b4c                __floatundisf
                0x0000000008000b5c                __aeabi_l2f
                0x0000000008000b5c                __floatdisf
 .text          0x0000000008000bd8       0xec C:/ST/STM32CubeIDE_1.14.1/STM32CubeIDE/plugins/com.st.stm32cube.ide.mcu.externaltools.gnu-tools-for-stm32.11.3.rel1.win32_1.1.100.202309141235/tools/bin/../lib/gcc/arm-none-eabi/11.3.1/thumb/v7-m/nofp\libgcc.a(_arm_cmpsf2.o)
                0x0000000008000bd8                __gesf2
                0x0000000008000bd8                __gtsf2
                0x0000000008000be0                __lesf2
                0x0000000008000be0                __ltsf2
                0x0000000008000be8                __nesf2
                0x0000000008000be8                __eqsf2
                0x0000000008000be8                __cmpsf2
                0x0000000008000c48                __aeabi_cfrcmple
                0x0000000008000c50                __aeabi_cfcmpeq
                0x0000000008000c50                __aeabi_cfcmple
                0x0000000008000c60                __aeabi_fcmpeq
                0x0000000008000c74                __aeabi_fcmplt
                0x0000000008000c88                __aeabi_fcmple
                0x0000000008000c9c                __aeabi_fcmpge
                0x0000000008000cb0                __aeabi_fcmpgt
 .text          0x0000000008000cc4       0x30 C:/ST/STM32CubeIDE_1.14.1/STM32CubeIDE/plugins/com.st.stm32cube.ide.mcu.externaltools.gnu-tools-for-stm32.11.3.rel1.win32_1.1.100.202309141235/tools/bin/../lib/gcc/arm-none-eabi/11.3.1/thumb/v7-m/nofp\libgcc.a(_aeabi_uldivmod.o)
                0x0000000008000cc4                __aeabi_uldivmod
 .text          0x0000000008000cf4      0x2cc C:/ST/STM32CubeIDE_1.14.1/STM32CubeIDE/plugins/com.st.stm32cube.ide.mcu.externaltools.gnu-tools-for-stm32.11.3.rel1.win32_1.1.100.202309141235/tools/bin/../lib/gcc/arm-none-eabi/11.3.1/thumb/v7-m/nofp\libgcc.a(_udivmoddi4.o)
                0x0000000008000cf4                __udivmoddi4
 .text          0x0000000008000fc0        0x4 C:/ST/STM32CubeIDE_1.14.1/STM32CubeIDE/plugins/com.st.stm32cube.ide.mcu.externaltools.gnu-tools-for-stm32.11.3.rel1.win32_1.1.100.202309141235/tools/bin/../lib/gcc/arm-none-eabi/11.3.1/thumb/v7-m/nofp\libgcc.a(_dvmd_tls.o)
                0x0000000008000fc0                __aeabi_idiv0
                0x0000000008000fc0                __aeabi_ldiv0
 *(.text*)
 .text.init_distance_sensor
                0x0000000008000fc4       0x28 ./Core/Src/distance_sensor.o
                0x0000000008000fc4                init_distance_sensor
 *fill*         0x0000000008000fec        0x4 
 .text.read_distance
                0x0000000008000ff0       0xf8 ./Core/Src/distance_sensor.o
                0x0000000008000ff0                read_distance
 .text.task_periodic_measure_distance
                0x00000000080010e8       0x2c ./Core/Src/distance_sensor.o
                0x00000000080010e8                task_periodic_measure_distance
 .text.led_on   0x0000000008001114       0x18 ./Core/Src/led.o
                0x0000000008001114                led_on
 .text.led_off  0x000000000800112c       0x18 ./Core/Src/led.o
                0x000000000800112c                led_off
 .text.led_blink
                0x0000000008001144       0x32 ./Core/Src/led.o
                0x0000000008001144                led_blink
 *fill*         0x0000000008001176        0x2 
 .text.task_alarm
                0x0000000008001178       0x94 ./Core/Src/led.o
                0x0000000008001178                task_alarm
 .text.main     0x000000000800120c       0x64 ./Core/Src/main.o
                0x000000000800120c                main
 .text.SystemClock_Config
                0x0000000008001270       0xa0 ./Core/Src/main.o
                0x0000000008001270                SystemClock_Config
 .text.MX_ADC_Init
                0x0000000008001310       0xb0 ./Core/Src/main.o
 .text.MX_TIM2_Init
                0x00000000080013c0       0x98 ./Core/Src/main.o
 .text.MX_GPIO_Init
                0x0000000008001458       0xec ./Core/Src/main.o
 .text.StartDefaultTask
                0x0000000008001544       0x10 ./Core/Src/main.o
                0x0000000008001544                StartDefaultTask
 .text.Error_Handler
                0x0000000008001554        0xa ./Core/Src/main.o
                0x0000000008001554                Error_Handler
 *fill*         0x000000000800155e        0x2 
 .text.init_mutex
                0x0000000008001560       0x38 ./Core/Src/mutex.o
                0x0000000008001560                init_mutex
 .text.unlock_tmpr_mutex
                0x0000000008001598       0x1c ./Core/Src/mutex.o
                0x0000000008001598                unlock_tmpr_mutex
 .text.lock_dist_mutex
                0x00000000080015b4       0x18 ./Core/Src/mutex.o
                0x00000000080015b4                lock_dist_mutex
 .text.unlock_dist_mutex
                0x00000000080015cc       0x1c ./Core/Src/mutex.o
                0x00000000080015cc                unlock_dist_mutex
 .text.lock_led_mutex
                0x00000000080015e8       0x18 ./Core/Src/mutex.o
                0x00000000080015e8                lock_led_mutex
 .text.unlock_led_mutex
                0x0000000008001600       0x1c ./Core/Src/mutex.o
                0x0000000008001600                unlock_led_mutex
 .text.HAL_MspInit
                0x000000000800161c       0x68 ./Core/Src/stm32l1xx_hal_msp.o
                0x000000000800161c                HAL_MspInit
 .text.HAL_ADC_MspInit
                0x0000000008001684       0x90 ./Core/Src/stm32l1xx_hal_msp.o
                0x0000000008001684                HAL_ADC_MspInit
 .text.HAL_TIM_Base_MspInit
                0x0000000008001714       0x48 ./Core/Src/stm32l1xx_hal_msp.o
                0x0000000008001714                HAL_TIM_Base_MspInit
 .text.NMI_Handler
                0x000000000800175c        0x6 ./Core/Src/stm32l1xx_it.o
                0x000000000800175c                NMI_Handler
 .text.HardFault_Handler
                0x0000000008001762        0x6 ./Core/Src/stm32l1xx_it.o
                0x0000000008001762                HardFault_Handler
 .text.MemManage_Handler
                0x0000000008001768        0x6 ./Core/Src/stm32l1xx_it.o
                0x0000000008001768                MemManage_Handler
 .text.BusFault_Handler
                0x000000000800176e        0x6 ./Core/Src/stm32l1xx_it.o
                0x000000000800176e                BusFault_Handler
 .text.UsageFault_Handler
                0x0000000008001774        0x6 ./Core/Src/stm32l1xx_it.o
                0x0000000008001774                UsageFault_Handler
 .text.DebugMon_Handler
                0x000000000800177a        0xc ./Core/Src/stm32l1xx_it.o
                0x000000000800177a                DebugMon_Handler
 .text.SysTick_Handler
                0x0000000008001786       0x1a ./Core/Src/stm32l1xx_it.o
                0x0000000008001786                SysTick_Handler
 .text.ADC1_IRQHandler
                0x00000000080017a0       0x14 ./Core/Src/stm32l1xx_it.o
                0x00000000080017a0                ADC1_IRQHandler
 .text.TIM2_IRQHandler
                0x00000000080017b4       0x14 ./Core/Src/stm32l1xx_it.o
                0x00000000080017b4                TIM2_IRQHandler
 .text.SystemInit
                0x00000000080017c8        0xc ./Core/Src/system_stm32l1xx.o
                0x00000000080017c8                SystemInit
 .text.create_tasks
                0x00000000080017d4       0x26 ./Core/Src/task_manager.o
                0x00000000080017d4                create_tasks
 *fill*         0x00000000080017fa        0x2 
 .text.create_read_distance_task
                0x00000000080017fc       0x34 ./Core/Src/task_manager.o
                0x00000000080017fc                create_read_distance_task
 .text.create_measure_temperature_task
                0x0000000008001830       0x34 ./Core/Src/task_manager.o
                0x0000000008001830                create_measure_temperature_task
 .text.create_alarm_task
                0x0000000008001864       0x28 ./Core/Src/task_manager.o
                0x0000000008001864                create_alarm_task
 .text.task_led_operate
                0x000000000800188c       0x34 ./Core/Src/task_manager.o
                0x000000000800188c                task_led_operate
 .text.create_led_operate
                0x00000000080018c0       0x28 ./Core/Src/task_manager.o
                0x00000000080018c0                create_led_operate
 .text.init_temperature_sensor
                0x00000000080018e8       0x18 ./Core/Src/temperature_sensor.o
                0x00000000080018e8                init_temperature_sensor
 .text.read_temperature
                0x0000000008001900       0x70 ./Core/Src/temperature_sensor.o
                0x0000000008001900                read_temperature
 .text.task_measure_temperature
                0x0000000008001970       0x30 ./Core/Src/temperature_sensor.o
                0x0000000008001970                task_measure_temperature
 .text.Reset_Handler
                0x00000000080019a0       0x48 ./Core/Startup/startup_stm32l152retx.o
                0x00000000080019a0                Reset_Handler
 .text.Default_Handler
                0x00000000080019e8        0x2 ./Core/Startup/startup_stm32l152retx.o
                0x00000000080019e8                RTC_Alarm_IRQHandler
                0x00000000080019e8                EXTI2_IRQHandler
                0x00000000080019e8                COMP_ACQ_IRQHandler
                0x00000000080019e8                TIM10_IRQHandler
                0x00000000080019e8                USB_HP_IRQHandler
                0x00000000080019e8                TIM6_IRQHandler
                0x00000000080019e8                PVD_IRQHandler
                0x00000000080019e8                EXTI3_IRQHandler
                0x00000000080019e8                EXTI0_IRQHandler
                0x00000000080019e8                I2C2_EV_IRQHandler
                0x00000000080019e8                SPI1_IRQHandler
                0x00000000080019e8                USB_FS_WKUP_IRQHandler
                0x00000000080019e8                DMA2_Channel2_IRQHandler
                0x00000000080019e8                DMA1_Channel4_IRQHandler
                0x00000000080019e8                USART3_IRQHandler
                0x00000000080019e8                DMA1_Channel7_IRQHandler
                0x00000000080019e8                LCD_IRQHandler
                0x00000000080019e8                UART5_IRQHandler
                0x00000000080019e8                TIM4_IRQHandler
                0x00000000080019e8                DMA2_Channel1_IRQHandler
                0x00000000080019e8                I2C1_EV_IRQHandler
                0x00000000080019e8                DMA1_Channel6_IRQHandler
                0x00000000080019e8                UART4_IRQHandler
                0x00000000080019e8                DMA2_Channel4_IRQHandler
                0x00000000080019e8                TIM3_IRQHandler
                0x00000000080019e8                RCC_IRQHandler
                0x00000000080019e8                DMA1_Channel1_IRQHandler
                0x00000000080019e8                Default_Handler
                0x00000000080019e8                EXTI15_10_IRQHandler
                0x00000000080019e8                TIM7_IRQHandler
                0x00000000080019e8                TIM5_IRQHandler
                0x00000000080019e8                EXTI9_5_IRQHandler
                0x00000000080019e8                TIM9_IRQHandler
                0x00000000080019e8                TAMPER_STAMP_IRQHandler
                0x00000000080019e8                RTC_WKUP_IRQHandler
                0x00000000080019e8                SPI2_IRQHandler
                0x00000000080019e8                DMA2_Channel5_IRQHandler
                0x00000000080019e8                DMA1_Channel5_IRQHandler
                0x00000000080019e8                USB_LP_IRQHandler
                0x00000000080019e8                EXTI4_IRQHandler
                0x00000000080019e8                DMA1_Channel3_IRQHandler
                0x00000000080019e8                COMP_IRQHandler
                0x00000000080019e8                WWDG_IRQHandler
                0x00000000080019e8                DAC_IRQHandler
                0x00000000080019e8                EXTI1_IRQHandler
                0x00000000080019e8                TIM11_IRQHandler
                0x00000000080019e8                USART2_IRQHandler
                0x00000000080019e8                I2C2_ER_IRQHandler
                0x00000000080019e8                DMA1_Channel2_IRQHandler
                0x00000000080019e8                FLASH_IRQHandler
                0x00000000080019e8                USART1_IRQHandler
                0x00000000080019e8                SPI3_IRQHandler
                0x00000000080019e8                I2C1_ER_IRQHandler
                0x00000000080019e8                DMA2_Channel3_IRQHandler
 .text.HAL_Init
                0x00000000080019ea       0x30 ./Drivers/STM32L1xx_HAL_Driver/Src/stm32l1xx_hal.o
                0x00000000080019ea                HAL_Init
 *fill*         0x0000000008001a1a        0x2 
 .text.HAL_InitTick
                0x0000000008001a1c       0x74 ./Drivers/STM32L1xx_HAL_Driver/Src/stm32l1xx_hal.o
                0x0000000008001a1c                HAL_InitTick
 .text.HAL_IncTick
                0x0000000008001a90       0x24 ./Drivers/STM32L1xx_HAL_Driver/Src/stm32l1xx_hal.o
                0x0000000008001a90                HAL_IncTick
 .text.HAL_GetTick
                0x0000000008001ab4       0x14 ./Drivers/STM32L1xx_HAL_Driver/Src/stm32l1xx_hal.o
                0x0000000008001ab4                HAL_GetTick
 .text.HAL_Delay
                0x0000000008001ac8       0x44 ./Drivers/STM32L1xx_HAL_Driver/Src/stm32l1xx_hal.o
                0x0000000008001ac8                HAL_Delay
 .text.HAL_ADC_Init
                0x0000000008001b0c      0x28c ./Drivers/STM32L1xx_HAL_Driver/Src/stm32l1xx_hal_adc.o
                0x0000000008001b0c                HAL_ADC_Init
 .text.HAL_ADC_Start
                0x0000000008001d98       0xc0 ./Drivers/STM32L1xx_HAL_Driver/Src/stm32l1xx_hal_adc.o
                0x0000000008001d98                HAL_ADC_Start
 .text.HAL_ADC_PollForConversion
                0x0000000008001e58      0x120 ./Drivers/STM32L1xx_HAL_Driver/Src/stm32l1xx_hal_adc.o
                0x0000000008001e58                HAL_ADC_PollForConversion
 .text.HAL_ADC_GetValue
                0x0000000008001f78       0x18 ./Drivers/STM32L1xx_HAL_Driver/Src/stm32l1xx_hal_adc.o
                0x0000000008001f78                HAL_ADC_GetValue
 .text.HAL_ADC_IRQHandler
                0x0000000008001f90      0x1ee ./Drivers/STM32L1xx_HAL_Driver/Src/stm32l1xx_hal_adc.o
                0x0000000008001f90                HAL_ADC_IRQHandler
 .text.HAL_ADC_ConvCpltCallback
                0x000000000800217e       0x12 ./Drivers/STM32L1xx_HAL_Driver/Src/stm32l1xx_hal_adc.o
                0x000000000800217e                HAL_ADC_ConvCpltCallback
 .text.HAL_ADC_LevelOutOfWindowCallback
                0x0000000008002190       0x12 ./Drivers/STM32L1xx_HAL_Driver/Src/stm32l1xx_hal_adc.o
                0x0000000008002190                HAL_ADC_LevelOutOfWindowCallback
 .text.HAL_ADC_ErrorCallback
                0x00000000080021a2       0x12 ./Drivers/STM32L1xx_HAL_Driver/Src/stm32l1xx_hal_adc.o
                0x00000000080021a2                HAL_ADC_ErrorCallback
 .text.HAL_ADC_ConfigChannel
                0x00000000080021b4      0x2d8 ./Drivers/STM32L1xx_HAL_Driver/Src/stm32l1xx_hal_adc.o
                0x00000000080021b4                HAL_ADC_ConfigChannel
 .text.ADC_Enable
                0x000000000800248c       0xb8 ./Drivers/STM32L1xx_HAL_Driver/Src/stm32l1xx_hal_adc.o
                0x000000000800248c                ADC_Enable
 .text.HAL_ADCEx_InjectedConvCpltCallback
                0x0000000008002544       0x12 ./Drivers/STM32L1xx_HAL_Driver/Src/stm32l1xx_hal_adc_ex.o
                0x0000000008002544                HAL_ADCEx_InjectedConvCpltCallback
 *fill*         0x0000000008002556        0x2 
 .text.__NVIC_SetPriorityGrouping
                0x0000000008002558       0x48 ./Drivers/STM32L1xx_HAL_Driver/Src/stm32l1xx_hal_cortex.o
 .text.__NVIC_GetPriorityGrouping
                0x00000000080025a0       0x1c ./Drivers/STM32L1xx_HAL_Driver/Src/stm32l1xx_hal_cortex.o
 .text.__NVIC_EnableIRQ
                0x00000000080025bc       0x38 ./Drivers/STM32L1xx_HAL_Driver/Src/stm32l1xx_hal_cortex.o
 .text.__NVIC_SetPriority
                0x00000000080025f4       0x54 ./Drivers/STM32L1xx_HAL_Driver/Src/stm32l1xx_hal_cortex.o
 .text.NVIC_EncodePriority
                0x0000000008002648       0x64 ./Drivers/STM32L1xx_HAL_Driver/Src/stm32l1xx_hal_cortex.o
 .text.SysTick_Config
                0x00000000080026ac       0x44 ./Drivers/STM32L1xx_HAL_Driver/Src/stm32l1xx_hal_cortex.o
 .text.HAL_NVIC_SetPriorityGrouping
                0x00000000080026f0       0x16 ./Drivers/STM32L1xx_HAL_Driver/Src/stm32l1xx_hal_cortex.o
                0x00000000080026f0                HAL_NVIC_SetPriorityGrouping
 .text.HAL_NVIC_SetPriority
                0x0000000008002706       0x38 ./Drivers/STM32L1xx_HAL_Driver/Src/stm32l1xx_hal_cortex.o
                0x0000000008002706                HAL_NVIC_SetPriority
 .text.HAL_NVIC_EnableIRQ
                0x000000000800273e       0x1c ./Drivers/STM32L1xx_HAL_Driver/Src/stm32l1xx_hal_cortex.o
                0x000000000800273e                HAL_NVIC_EnableIRQ
 .text.HAL_SYSTICK_Config
                0x000000000800275a       0x18 ./Drivers/STM32L1xx_HAL_Driver/Src/stm32l1xx_hal_cortex.o
                0x000000000800275a                HAL_SYSTICK_Config
 *fill*         0x0000000008002772        0x2 
 .text.HAL_GPIO_Init
                0x0000000008002774      0x320 ./Drivers/STM32L1xx_HAL_Driver/Src/stm32l1xx_hal_gpio.o
                0x0000000008002774                HAL_GPIO_Init
 .text.HAL_GPIO_ReadPin
                0x0000000008002a94       0x2e ./Drivers/STM32L1xx_HAL_Driver/Src/stm32l1xx_hal_gpio.o
                0x0000000008002a94                HAL_GPIO_ReadPin
 .text.HAL_GPIO_WritePin
                0x0000000008002ac2       0x30 ./Drivers/STM32L1xx_HAL_Driver/Src/stm32l1xx_hal_gpio.o
                0x0000000008002ac2                HAL_GPIO_WritePin
 *fill*         0x0000000008002af2        0x2 
 .text.HAL_RCC_OscConfig
                0x0000000008002af4      0x660 ./Drivers/STM32L1xx_HAL_Driver/Src/stm32l1xx_hal_rcc.o
                0x0000000008002af4                HAL_RCC_OscConfig
 .text.HAL_RCC_ClockConfig
                0x0000000008003154      0x268 ./Drivers/STM32L1xx_HAL_Driver/Src/stm32l1xx_hal_rcc.o
                0x0000000008003154                HAL_RCC_ClockConfig
 .text.HAL_RCC_GetSysClockFreq
                0x00000000080033bc      0x200 ./Drivers/STM32L1xx_HAL_Driver/Src/stm32l1xx_hal_rcc.o
                0x00000000080033bc                HAL_RCC_GetSysClockFreq
 .text.RCC_SetFlashLatencyFromMSIRange
                0x00000000080035bc       0xc0 ./Drivers/STM32L1xx_HAL_Driver/Src/stm32l1xx_hal_rcc.o
 .text.HAL_TIM_Base_Init
                0x000000000800367c       0x7e ./Drivers/STM32L1xx_HAL_Driver/Src/stm32l1xx_hal_tim.o
                0x000000000800367c                HAL_TIM_Base_Init
 *fill*         0x00000000080036fa        0x2 
 .text.HAL_TIM_Base_Start
                0x00000000080036fc       0x94 ./Drivers/STM32L1xx_HAL_Driver/Src/stm32l1xx_hal_tim.o
                0x00000000080036fc                HAL_TIM_Base_Start
 .text.HAL_TIM_IRQHandler
                0x0000000008003790      0x1b8 ./Drivers/STM32L1xx_HAL_Driver/Src/stm32l1xx_hal_tim.o
                0x0000000008003790                HAL_TIM_IRQHandler
 .text.HAL_TIM_ConfigClockSource
                0x0000000008003948      0x18e ./Drivers/STM32L1xx_HAL_Driver/Src/stm32l1xx_hal_tim.o
                0x0000000008003948                HAL_TIM_ConfigClockSource
 .text.HAL_TIM_PeriodElapsedCallback
                0x0000000008003ad6       0x12 ./Drivers/STM32L1xx_HAL_Driver/Src/stm32l1xx_hal_tim.o
                0x0000000008003ad6                HAL_TIM_PeriodElapsedCallback
 .text.HAL_TIM_OC_DelayElapsedCallback
                0x0000000008003ae8       0x12 ./Drivers/STM32L1xx_HAL_Driver/Src/stm32l1xx_hal_tim.o
                0x0000000008003ae8                HAL_TIM_OC_DelayElapsedCallback
 .text.HAL_TIM_IC_CaptureCallback
                0x0000000008003afa       0x12 ./Drivers/STM32L1xx_HAL_Driver/Src/stm32l1xx_hal_tim.o
                0x0000000008003afa                HAL_TIM_IC_CaptureCallback
 .text.HAL_TIM_PWM_PulseFinishedCallback
                0x0000000008003b0c       0x12 ./Drivers/STM32L1xx_HAL_Driver/Src/stm32l1xx_hal_tim.o
                0x0000000008003b0c                HAL_TIM_PWM_PulseFinishedCallback
 .text.HAL_TIM_TriggerCallback
                0x0000000008003b1e       0x12 ./Drivers/STM32L1xx_HAL_Driver/Src/stm32l1xx_hal_tim.o
                0x0000000008003b1e                HAL_TIM_TriggerCallback
 .text.TIM_Base_SetConfig
                0x0000000008003b30       0xe0 ./Drivers/STM32L1xx_HAL_Driver/Src/stm32l1xx_hal_tim.o
 .text.TIM_TI1_ConfigInputStage
                0x0000000008003c10       0x5c ./Drivers/STM32L1xx_HAL_Driver/Src/stm32l1xx_hal_tim.o
 .text.TIM_TI2_ConfigInputStage
                0x0000000008003c6c       0x5e ./Drivers/STM32L1xx_HAL_Driver/Src/stm32l1xx_hal_tim.o
 .text.TIM_ITRx_SetConfig
                0x0000000008003cca       0x34 ./Drivers/STM32L1xx_HAL_Driver/Src/stm32l1xx_hal_tim.o
 .text.TIM_ETR_SetConfig
                0x0000000008003cfe       0x3e ./Drivers/STM32L1xx_HAL_Driver/Src/stm32l1xx_hal_tim.o
 .text.HAL_TIMEx_MasterConfigSynchronization
                0x0000000008003d3c       0xbc ./Drivers/STM32L1xx_HAL_Driver/Src/stm32l1xx_hal_tim_ex.o
                0x0000000008003d3c                HAL_TIMEx_MasterConfigSynchronization
 .text.osKernelInitialize
                0x0000000008003df8       0x64 ./Middlewares/Third_Party/FreeRTOS/Source/CMSIS_RTOS_V2/cmsis_os2.o
                0x0000000008003df8                osKernelInitialize
 .text.osKernelStart
                0x0000000008003e5c       0x68 ./Middlewares/Third_Party/FreeRTOS/Source/CMSIS_RTOS_V2/cmsis_os2.o
                0x0000000008003e5c                osKernelStart
 .text.osThreadNew
                0x0000000008003ec4      0x154 ./Middlewares/Third_Party/FreeRTOS/Source/CMSIS_RTOS_V2/cmsis_os2.o
                0x0000000008003ec4                osThreadNew
 .text.osDelay  0x0000000008004018       0x5c ./Middlewares/Third_Party/FreeRTOS/Source/CMSIS_RTOS_V2/cmsis_os2.o
                0x0000000008004018                osDelay
 .text.vApplicationGetIdleTaskMemory
                0x0000000008004074       0x30 ./Middlewares/Third_Party/FreeRTOS/Source/CMSIS_RTOS_V2/cmsis_os2.o
                0x0000000008004074                vApplicationGetIdleTaskMemory
 .text.vApplicationGetTimerTaskMemory
                0x00000000080040a4       0x34 ./Middlewares/Third_Party/FreeRTOS/Source/CMSIS_RTOS_V2/cmsis_os2.o
                0x00000000080040a4                vApplicationGetTimerTaskMemory
 .text.vListInitialise
                0x00000000080040d8       0x3e ./Middlewares/Third_Party/FreeRTOS/Source/list.o
                0x00000000080040d8                vListInitialise
 .text.vListInitialiseItem
                0x0000000008004116       0x18 ./Middlewares/Third_Party/FreeRTOS/Source/list.o
                0x0000000008004116                vListInitialiseItem
 .text.vListInsertEnd
                0x000000000800412e       0x46 ./Middlewares/Third_Party/FreeRTOS/Source/list.o
                0x000000000800412e                vListInsertEnd
 .text.vListInsert
                0x0000000008004174       0x70 ./Middlewares/Third_Party/FreeRTOS/Source/list.o
                0x0000000008004174                vListInsert
 .text.uxListRemove
                0x00000000080041e4       0x52 ./Middlewares/Third_Party/FreeRTOS/Source/list.o
                0x00000000080041e4                uxListRemove
 *fill*         0x0000000008004236        0x2 
 .text.xQueueGenericReset
                0x0000000008004238       0xd0 ./Middlewares/Third_Party/FreeRTOS/Source/queue.o
                0x0000000008004238                xQueueGenericReset
 .text.xQueueGenericCreateStatic
                0x0000000008004308       0xee ./Middlewares/Third_Party/FreeRTOS/Source/queue.o
                0x0000000008004308                xQueueGenericCreateStatic
 .text.xQueueGenericCreate
                0x00000000080043f6       0x7c ./Middlewares/Third_Party/FreeRTOS/Source/queue.o
                0x00000000080043f6                xQueueGenericCreate
 .text.prvInitialiseNewQueue
                0x0000000008004472       0x46 ./Middlewares/Third_Party/FreeRTOS/Source/queue.o
 .text.prvInitialiseMutex
                0x00000000080044b8       0x34 ./Middlewares/Third_Party/FreeRTOS/Source/queue.o
 .text.xQueueCreateMutex
                0x00000000080044ec       0x30 ./Middlewares/Third_Party/FreeRTOS/Source/queue.o
                0x00000000080044ec                xQueueCreateMutex
 .text.xQueueGenericSend
                0x000000000800451c      0x1fc ./Middlewares/Third_Party/FreeRTOS/Source/queue.o
                0x000000000800451c                xQueueGenericSend
 .text.xQueueGenericSendFromISR
                0x0000000008004718      0x130 ./Middlewares/Third_Party/FreeRTOS/Source/queue.o
                0x0000000008004718                xQueueGenericSendFromISR
 .text.xQueueReceive
                0x0000000008004848      0x1c0 ./Middlewares/Third_Party/FreeRTOS/Source/queue.o
                0x0000000008004848                xQueueReceive
 .text.xQueueSemaphoreTake
                0x0000000008004a08      0x218 ./Middlewares/Third_Party/FreeRTOS/Source/queue.o
                0x0000000008004a08                xQueueSemaphoreTake
 .text.prvGetDisinheritPriorityAfterTimeout
                0x0000000008004c20       0x2e ./Middlewares/Third_Party/FreeRTOS/Source/queue.o
 .text.prvCopyDataToQueue
                0x0000000008004c4e       0xd4 ./Middlewares/Third_Party/FreeRTOS/Source/queue.o
 .text.prvCopyDataFromQueue
                0x0000000008004d22       0x4c ./Middlewares/Third_Party/FreeRTOS/Source/queue.o
 .text.prvUnlockQueue
                0x0000000008004d6e       0xa4 ./Middlewares/Third_Party/FreeRTOS/Source/queue.o
 .text.prvIsQueueEmpty
                0x0000000008004e12       0x2c ./Middlewares/Third_Party/FreeRTOS/Source/queue.o
 .text.prvIsQueueFull
                0x0000000008004e3e       0x30 ./Middlewares/Third_Party/FreeRTOS/Source/queue.o
 *fill*         0x0000000008004e6e        0x2 
 .text.vQueueAddToRegistry
                0x0000000008004e70       0x50 ./Middlewares/Third_Party/FreeRTOS/Source/queue.o
                0x0000000008004e70                vQueueAddToRegistry
 .text.vQueueWaitForMessageRestricted
                0x0000000008004ec0       0x68 ./Middlewares/Third_Party/FreeRTOS/Source/queue.o
                0x0000000008004ec0                vQueueWaitForMessageRestricted
 .text.xTaskCreateStatic
                0x0000000008004f28       0xb8 ./Middlewares/Third_Party/FreeRTOS/Source/tasks.o
                0x0000000008004f28                xTaskCreateStatic
 .text.xTaskCreate
                0x0000000008004fe0       0x8a ./Middlewares/Third_Party/FreeRTOS/Source/tasks.o
                0x0000000008004fe0                xTaskCreate
 *fill*         0x000000000800506a        0x2 
 .text.prvInitialiseNewTask
                0x000000000800506c      0x13c ./Middlewares/Third_Party/FreeRTOS/Source/tasks.o
 .text.prvAddNewTaskToReadyList
                0x00000000080051a8       0xe0 ./Middlewares/Third_Party/FreeRTOS/Source/tasks.o
 .text.vTaskDelay
                0x0000000008005288       0x68 ./Middlewares/Third_Party/FreeRTOS/Source/tasks.o
                0x0000000008005288                vTaskDelay
 .text.vTaskStartScheduler
                0x00000000080052f0       0xe0 ./Middlewares/Third_Party/FreeRTOS/Source/tasks.o
                0x00000000080052f0                vTaskStartScheduler
 .text.vTaskSuspendAll
                0x00000000080053d0       0x1c ./Middlewares/Third_Party/FreeRTOS/Source/tasks.o
                0x00000000080053d0                vTaskSuspendAll
 .text.xTaskResumeAll
                0x00000000080053ec      0x13c ./Middlewares/Third_Party/FreeRTOS/Source/tasks.o
                0x00000000080053ec                xTaskResumeAll
 .text.xTaskGetTickCount
                0x0000000008005528       0x1c ./Middlewares/Third_Party/FreeRTOS/Source/tasks.o
                0x0000000008005528                xTaskGetTickCount
 .text.xTaskIncrementTick
                0x0000000008005544      0x17c ./Middlewares/Third_Party/FreeRTOS/Source/tasks.o
                0x0000000008005544                xTaskIncrementTick
 .text.vTaskSwitchContext
                0x00000000080056c0       0xc8 ./Middlewares/Third_Party/FreeRTOS/Source/tasks.o
                0x00000000080056c0                vTaskSwitchContext
 .text.vTaskPlaceOnEventList
                0x0000000008005788       0x48 ./Middlewares/Third_Party/FreeRTOS/Source/tasks.o
                0x0000000008005788                vTaskPlaceOnEventList
 .text.vTaskPlaceOnEventListRestricted
                0x00000000080057d0       0x58 ./Middlewares/Third_Party/FreeRTOS/Source/tasks.o
                0x00000000080057d0                vTaskPlaceOnEventListRestricted
 .text.xTaskRemoveFromEventList
                0x0000000008005828       0xc8 ./Middlewares/Third_Party/FreeRTOS/Source/tasks.o
                0x0000000008005828                xTaskRemoveFromEventList
 .text.vTaskInternalSetTimeOutState
                0x00000000080058f0       0x2c ./Middlewares/Third_Party/FreeRTOS/Source/tasks.o
                0x00000000080058f0                vTaskInternalSetTimeOutState
 .text.xTaskCheckForTimeOut
                0x000000000800591c       0xc4 ./Middlewares/Third_Party/FreeRTOS/Source/tasks.o
                0x000000000800591c                xTaskCheckForTimeOut
 .text.vTaskMissedYield
                0x00000000080059e0       0x18 ./Middlewares/Third_Party/FreeRTOS/Source/tasks.o
                0x00000000080059e0                vTaskMissedYield
 .text.prvIdleTask
                0x00000000080059f8       0x30 ./Middlewares/Third_Party/FreeRTOS/Source/tasks.o
 .text.prvInitialiseTaskLists
                0x0000000008005a28       0x80 ./Middlewares/Third_Party/FreeRTOS/Source/tasks.o
 .text.prvCheckTasksWaitingTermination
                0x0000000008005aa8       0x5c ./Middlewares/Third_Party/FreeRTOS/Source/tasks.o
 .text.prvDeleteTCB
                0x0000000008005b04       0x68 ./Middlewares/Third_Party/FreeRTOS/Source/tasks.o
 .text.prvResetNextTaskUnblockTime
                0x0000000008005b6c       0x48 ./Middlewares/Third_Party/FreeRTOS/Source/tasks.o
 .text.xTaskGetSchedulerState
                0x0000000008005bb4       0x3c ./Middlewares/Third_Party/FreeRTOS/Source/tasks.o
                0x0000000008005bb4                xTaskGetSchedulerState
 .text.xTaskPriorityInherit
                0x0000000008005bf0       0xdc ./Middlewares/Third_Party/FreeRTOS/Source/tasks.o
                0x0000000008005bf0                xTaskPriorityInherit
 .text.xTaskPriorityDisinherit
                0x0000000008005ccc       0xdc ./Middlewares/Third_Party/FreeRTOS/Source/tasks.o
                0x0000000008005ccc                xTaskPriorityDisinherit
 .text.vTaskPriorityDisinheritAfterTimeout
                0x0000000008005da8      0x10c ./Middlewares/Third_Party/FreeRTOS/Source/tasks.o
                0x0000000008005da8                vTaskPriorityDisinheritAfterTimeout
 .text.pvTaskIncrementMutexHeldCount
                0x0000000008005eb4       0x28 ./Middlewares/Third_Party/FreeRTOS/Source/tasks.o
                0x0000000008005eb4                pvTaskIncrementMutexHeldCount
 .text.prvAddCurrentTaskToDelayedList
                0x0000000008005edc       0xa8 ./Middlewares/Third_Party/FreeRTOS/Source/tasks.o
 .text.xTimerCreateTimerTask
                0x0000000008005f84       0x90 ./Middlewares/Third_Party/FreeRTOS/Source/timers.o
                0x0000000008005f84                xTimerCreateTimerTask
 .text.xTimerGenericCommand
                0x0000000008006014       0x9c ./Middlewares/Third_Party/FreeRTOS/Source/timers.o
                0x0000000008006014                xTimerGenericCommand
 .text.prvProcessExpiredTimer
                0x00000000080060b0       0x80 ./Middlewares/Third_Party/FreeRTOS/Source/timers.o
 .text.prvTimerTask
                0x0000000008006130       0x24 ./Middlewares/Third_Party/FreeRTOS/Source/timers.o
 .text.prvProcessTimerOrBlockTask
                0x0000000008006154       0x9c ./Middlewares/Third_Party/FreeRTOS/Source/timers.o
 .text.prvGetNextExpireTime
                0x00000000080061f0       0x48 ./Middlewares/Third_Party/FreeRTOS/Source/timers.o
 .text.prvSampleTimeNow
                0x0000000008006238       0x40 ./Middlewares/Third_Party/FreeRTOS/Source/timers.o
 .text.prvInsertTimerInActiveList
                0x0000000008006278       0x84 ./Middlewares/Third_Party/FreeRTOS/Source/timers.o
 .text.prvProcessReceivedCommands
                0x00000000080062fc      0x168 ./Middlewares/Third_Party/FreeRTOS/Source/timers.o
 .text.prvSwitchTimerLists
                0x0000000008006464       0xc4 ./Middlewares/Third_Party/FreeRTOS/Source/timers.o
 .text.prvCheckForValidListAndQueue
                0x0000000008006528       0x80 ./Middlewares/Third_Party/FreeRTOS/Source/timers.o
 .text.pxPortInitialiseStack
                0x00000000080065a8       0x58 ./Middlewares/Third_Party/FreeRTOS/Source/portable/GCC/ARM_CM3/port.o
                0x00000000080065a8                pxPortInitialiseStack
 .text.prvTaskExitError
                0x0000000008006600       0x58 ./Middlewares/Third_Party/FreeRTOS/Source/portable/GCC/ARM_CM3/port.o
 *fill*         0x0000000008006658        0x8 
 .text.SVC_Handler
                0x0000000008006660       0x28 ./Middlewares/Third_Party/FreeRTOS/Source/portable/GCC/ARM_CM3/port.o
                0x0000000008006660                SVC_Handler
 .text.prvPortStartFirstTask
                0x0000000008006688       0x20 ./Middlewares/Third_Party/FreeRTOS/Source/portable/GCC/ARM_CM3/port.o
 .text.xPortStartScheduler
                0x00000000080066a8       0xe4 ./Middlewares/Third_Party/FreeRTOS/Source/portable/GCC/ARM_CM3/port.o
                0x00000000080066a8                xPortStartScheduler
 .text.vPortEnterCritical
                0x000000000800678c       0x60 ./Middlewares/Third_Party/FreeRTOS/Source/portable/GCC/ARM_CM3/port.o
                0x000000000800678c                vPortEnterCritical
 .text.vPortExitCritical
                0x00000000080067ec       0x50 ./Middlewares/Third_Party/FreeRTOS/Source/portable/GCC/ARM_CM3/port.o
                0x00000000080067ec                vPortExitCritical
 *fill*         0x000000000800683c        0x4 
 .text.PendSV_Handler
                0x0000000008006840       0x48 ./Middlewares/Third_Party/FreeRTOS/Source/portable/GCC/ARM_CM3/port.o
                0x0000000008006840                PendSV_Handler
 .text.xPortSysTickHandler
                0x0000000008006888       0x44 ./Middlewares/Third_Party/FreeRTOS/Source/portable/GCC/ARM_CM3/port.o
                0x0000000008006888                xPortSysTickHandler
 .text.vPortSetupTimerInterrupt
                0x00000000080068cc       0x44 ./Middlewares/Third_Party/FreeRTOS/Source/portable/GCC/ARM_CM3/port.o
                0x00000000080068cc                vPortSetupTimerInterrupt
 .text.vPortValidateInterruptPriority
                0x0000000008006910       0x7c ./Middlewares/Third_Party/FreeRTOS/Source/portable/GCC/ARM_CM3/port.o
                0x0000000008006910                vPortValidateInterruptPriority
 .text.pvPortMalloc
                0x000000000800698c      0x188 ./Middlewares/Third_Party/FreeRTOS/Source/portable/MemMang/heap_4.o
                0x000000000800698c                pvPortMalloc
 .text.vPortFree
                0x0000000008006b14       0xb4 ./Middlewares/Third_Party/FreeRTOS/Source/portable/MemMang/heap_4.o
                0x0000000008006b14                vPortFree
 .text.prvHeapInit
                0x0000000008006bc8       0xc4 ./Middlewares/Third_Party/FreeRTOS/Source/portable/MemMang/heap_4.o
 .text.prvInsertBlockIntoFreeList
                0x0000000008006c8c       0xb0 ./Middlewares/Third_Party/FreeRTOS/Source/portable/MemMang/heap_4.o
 .text.memset   0x0000000008006d3c       0x10 C:/ST/STM32CubeIDE_1.14.1/STM32CubeIDE/plugins/com.st.stm32cube.ide.mcu.externaltools.gnu-tools-for-stm32.11.3.rel1.win32_1.1.100.202309141235/tools/bin/../lib/gcc/arm-none-eabi/11.3.1/../../../../arm-none-eabi/lib/thumb/v7-m/nofp\libc_nano.a(libc_a-memset.o)
                0x0000000008006d3c                memset
 .text._reclaim_reent
                0x0000000008006d4c       0xac C:/ST/STM32CubeIDE_1.14.1/STM32CubeIDE/plugins/com.st.stm32cube.ide.mcu.externaltools.gnu-tools-for-stm32.11.3.rel1.win32_1.1.100.202309141235/tools/bin/../lib/gcc/arm-none-eabi/11.3.1/../../../../arm-none-eabi/lib/thumb/v7-m/nofp\libc_nano.a(libc_a-reent.o)
                0x0000000008006d4c                _reclaim_reent
 .text.__libc_init_array
                0x0000000008006df8       0x48 C:/ST/STM32CubeIDE_1.14.1/STM32CubeIDE/plugins/com.st.stm32cube.ide.mcu.externaltools.gnu-tools-for-stm32.11.3.rel1.win32_1.1.100.202309141235/tools/bin/../lib/gcc/arm-none-eabi/11.3.1/../../../../arm-none-eabi/lib/thumb/v7-m/nofp\libc_nano.a(libc_a-init.o)
                0x0000000008006df8                __libc_init_array
 .text.__retarget_lock_acquire_recursive
                0x0000000008006e40        0x2 C:/ST/STM32CubeIDE_1.14.1/STM32CubeIDE/plugins/com.st.stm32cube.ide.mcu.externaltools.gnu-tools-for-stm32.11.3.rel1.win32_1.1.100.202309141235/tools/bin/../lib/gcc/arm-none-eabi/11.3.1/../../../../arm-none-eabi/lib/thumb/v7-m/nofp\libc_nano.a(libc_a-lock.o)
                0x0000000008006e40                __retarget_lock_acquire_recursive
 .text.__retarget_lock_release_recursive
                0x0000000008006e42        0x2 C:/ST/STM32CubeIDE_1.14.1/STM32CubeIDE/plugins/com.st.stm32cube.ide.mcu.externaltools.gnu-tools-for-stm32.11.3.rel1.win32_1.1.100.202309141235/tools/bin/../lib/gcc/arm-none-eabi/11.3.1/../../../../arm-none-eabi/lib/thumb/v7-m/nofp\libc_nano.a(libc_a-lock.o)
                0x0000000008006e42                __retarget_lock_release_recursive
 .text.memcpy   0x0000000008006e44       0x1c C:/ST/STM32CubeIDE_1.14.1/STM32CubeIDE/plugins/com.st.stm32cube.ide.mcu.externaltools.gnu-tools-for-stm32.11.3.rel1.win32_1.1.100.202309141235/tools/bin/../lib/gcc/arm-none-eabi/11.3.1/../../../../arm-none-eabi/lib/thumb/v7-m/nofp\libc_nano.a(libc_a-memcpy-stub.o)
                0x0000000008006e44                memcpy
 .text._free_r  0x0000000008006e60       0x90 C:/ST/STM32CubeIDE_1.14.1/STM32CubeIDE/plugins/com.st.stm32cube.ide.mcu.externaltools.gnu-tools-for-stm32.11.3.rel1.win32_1.1.100.202309141235/tools/bin/../lib/gcc/arm-none-eabi/11.3.1/../../../../arm-none-eabi/lib/thumb/v7-m/nofp\libc_nano.a(libc_a-freer.o)
                0x0000000008006e60                _free_r
 .text.__malloc_lock
                0x0000000008006ef0        0xc C:/ST/STM32CubeIDE_1.14.1/STM32CubeIDE/plugins/com.st.stm32cube.ide.mcu.externaltools.gnu-tools-for-stm32.11.3.rel1.win32_1.1.100.202309141235/tools/bin/../lib/gcc/arm-none-eabi/11.3.1/../../../../arm-none-eabi/lib/thumb/v7-m/nofp\libc_nano.a(libc_a-mlock.o)
                0x0000000008006ef0                __malloc_lock
 .text.__malloc_unlock
                0x0000000008006efc        0xc C:/ST/STM32CubeIDE_1.14.1/STM32CubeIDE/plugins/com.st.stm32cube.ide.mcu.externaltools.gnu-tools-for-stm32.11.3.rel1.win32_1.1.100.202309141235/tools/bin/../lib/gcc/arm-none-eabi/11.3.1/../../../../arm-none-eabi/lib/thumb/v7-m/nofp\libc_nano.a(libc_a-mlock.o)
                0x0000000008006efc                __malloc_unlock
 *(.glue_7)
 .glue_7        0x0000000008006f08        0x0 linker stubs
 *(.glue_7t)
 .glue_7t       0x0000000008006f08        0x0 linker stubs
 *(.eh_frame)
 .eh_frame      0x0000000008006f08        0x0 C:/ST/STM32CubeIDE_1.14.1/STM32CubeIDE/plugins/com.st.stm32cube.ide.mcu.externaltools.gnu-tools-for-stm32.11.3.rel1.win32_1.1.100.202309141235/tools/bin/../lib/gcc/arm-none-eabi/11.3.1/thumb/v7-m/nofp/crtbegin.o
 *(.init)
 .init          0x0000000008006f08        0x4 C:/ST/STM32CubeIDE_1.14.1/STM32CubeIDE/plugins/com.st.stm32cube.ide.mcu.externaltools.gnu-tools-for-stm32.11.3.rel1.win32_1.1.100.202309141235/tools/bin/../lib/gcc/arm-none-eabi/11.3.1/thumb/v7-m/nofp/crti.o
                0x0000000008006f08                _init
 .init          0x0000000008006f0c        0x8 C:/ST/STM32CubeIDE_1.14.1/STM32CubeIDE/plugins/com.st.stm32cube.ide.mcu.externaltools.gnu-tools-for-stm32.11.3.rel1.win32_1.1.100.202309141235/tools/bin/../lib/gcc/arm-none-eabi/11.3.1/thumb/v7-m/nofp/crtn.o
 *(.fini)
 .fini          0x0000000008006f14        0x4 C:/ST/STM32CubeIDE_1.14.1/STM32CubeIDE/plugins/com.st.stm32cube.ide.mcu.externaltools.gnu-tools-for-stm32.11.3.rel1.win32_1.1.100.202309141235/tools/bin/../lib/gcc/arm-none-eabi/11.3.1/thumb/v7-m/nofp/crti.o
                0x0000000008006f14                _fini
 .fini          0x0000000008006f18        0x8 C:/ST/STM32CubeIDE_1.14.1/STM32CubeIDE/plugins/com.st.stm32cube.ide.mcu.externaltools.gnu-tools-for-stm32.11.3.rel1.win32_1.1.100.202309141235/tools/bin/../lib/gcc/arm-none-eabi/11.3.1/thumb/v7-m/nofp/crtn.o
                0x0000000008006f20                . = ALIGN (0x4)
                0x0000000008006f20                _etext = .

.vfp11_veneer   0x0000000008006f20        0x0
 .vfp11_veneer  0x0000000008006f20        0x0 linker stubs

.v4_bx          0x0000000008006f20        0x0
 .v4_bx         0x0000000008006f20        0x0 linker stubs

.iplt           0x0000000008006f20        0x0
 .iplt          0x0000000008006f20        0x0 C:/ST/STM32CubeIDE_1.14.1/STM32CubeIDE/plugins/com.st.stm32cube.ide.mcu.externaltools.gnu-tools-for-stm32.11.3.rel1.win32_1.1.100.202309141235/tools/bin/../lib/gcc/arm-none-eabi/11.3.1/thumb/v7-m/nofp/crtbegin.o

.rodata         0x0000000008006f20       0x98
                0x0000000008006f20                . = ALIGN (0x4)
 *(.rodata)
 .rodata        0x0000000008006f20        0xc ./Core/Src/main.o
 .rodata        0x0000000008006f2c       0x34 ./Core/Src/task_manager.o
 .rodata        0x0000000008006f60        0x5 ./Middlewares/Third_Party/FreeRTOS/Source/tasks.o
 *fill*         0x0000000008006f65        0x3 
 .rodata        0x0000000008006f68        0xd ./Middlewares/Third_Party/FreeRTOS/Source/timers.o
 *(.rodata*)
 *fill*         0x0000000008006f75        0x3 
 .rodata.defaultTask_attributes
                0x0000000008006f78       0x24 ./Core/Src/main.o
                0x0000000008006f78                defaultTask_attributes
 .rodata.PLLMulTable
                0x0000000008006f9c        0x9 ./Core/Src/system_stm32l1xx.o
                0x0000000008006f9c                PLLMulTable
 *fill*         0x0000000008006fa5        0x3 
 .rodata.AHBPrescTable
                0x0000000008006fa8       0x10 ./Core/Src/system_stm32l1xx.o
                0x0000000008006fa8                AHBPrescTable
                0x0000000008006fb8                . = ALIGN (0x4)

.ARM.extab      0x0000000008006fb8        0x0
                0x0000000008006fb8                . = ALIGN (0x4)
 *(.ARM.extab* .gnu.linkonce.armextab.*)
                0x0000000008006fb8                . = ALIGN (0x4)

.ARM            0x0000000008006fb8        0x8
                0x0000000008006fb8                . = ALIGN (0x4)
                0x0000000008006fb8                __exidx_start = .
 *(.ARM.exidx*)
 .ARM.exidx     0x0000000008006fb8        0x8 C:/ST/STM32CubeIDE_1.14.1/STM32CubeIDE/plugins/com.st.stm32cube.ide.mcu.externaltools.gnu-tools-for-stm32.11.3.rel1.win32_1.1.100.202309141235/tools/bin/../lib/gcc/arm-none-eabi/11.3.1/thumb/v7-m/nofp\libgcc.a(_udivmoddi4.o)
                0x0000000008006fc0                __exidx_end = .
                0x0000000008006fc0                . = ALIGN (0x4)

.rel.dyn        0x0000000008006fc0        0x0
 .rel.iplt      0x0000000008006fc0        0x0 C:/ST/STM32CubeIDE_1.14.1/STM32CubeIDE/plugins/com.st.stm32cube.ide.mcu.externaltools.gnu-tools-for-stm32.11.3.rel1.win32_1.1.100.202309141235/tools/bin/../lib/gcc/arm-none-eabi/11.3.1/thumb/v7-m/nofp/crtbegin.o

.preinit_array  0x0000000008006fc0        0x0
                0x0000000008006fc0                . = ALIGN (0x4)
                0x0000000008006fc0                PROVIDE (__preinit_array_start = .)
 *(.preinit_array*)
                0x0000000008006fc0                PROVIDE (__preinit_array_end = .)
                0x0000000008006fc0                . = ALIGN (0x4)

.init_array     0x0000000008006fc0        0x4
                0x0000000008006fc0                . = ALIGN (0x4)
                0x0000000008006fc0                PROVIDE (__init_array_start = .)
 *(SORT_BY_NAME(.init_array.*))
 *(.init_array*)
 .init_array    0x0000000008006fc0        0x4 C:/ST/STM32CubeIDE_1.14.1/STM32CubeIDE/plugins/com.st.stm32cube.ide.mcu.externaltools.gnu-tools-for-stm32.11.3.rel1.win32_1.1.100.202309141235/tools/bin/../lib/gcc/arm-none-eabi/11.3.1/thumb/v7-m/nofp/crtbegin.o
                0x0000000008006fc4                PROVIDE (__init_array_end = .)
                0x0000000008006fc4                . = ALIGN (0x4)

.fini_array     0x0000000008006fc4        0x4
                0x0000000008006fc4                . = ALIGN (0x4)
                [!provide]                        PROVIDE (__fini_array_start = .)
 *(SORT_BY_NAME(.fini_array.*))
 *(.fini_array*)
 .fini_array    0x0000000008006fc4        0x4 C:/ST/STM32CubeIDE_1.14.1/STM32CubeIDE/plugins/com.st.stm32cube.ide.mcu.externaltools.gnu-tools-for-stm32.11.3.rel1.win32_1.1.100.202309141235/tools/bin/../lib/gcc/arm-none-eabi/11.3.1/thumb/v7-m/nofp/crtbegin.o
                [!provide]                        PROVIDE (__fini_array_end = .)
                0x0000000008006fc8                . = ALIGN (0x4)
                0x0000000008006fc8                _sidata = LOADADDR (.data)

.data           0x0000000020000000       0x60 load address 0x0000000008006fc8
                0x0000000020000000                . = ALIGN (0x4)
                0x0000000020000000                _sdata = .
 *(.data)
 *(.data*)
 .data.SystemCoreClock
                0x0000000020000000        0x4 ./Core/Src/system_stm32l1xx.o
                0x0000000020000000                SystemCoreClock
 .data.uwTickPrio
                0x0000000020000004        0x4 ./Drivers/STM32L1xx_HAL_Driver/Src/stm32l1xx_hal.o
                0x0000000020000004                uwTickPrio
 .data.uwTickFreq
                0x0000000020000008        0x4 ./Drivers/STM32L1xx_HAL_Driver/Src/stm32l1xx_hal.o
                0x0000000020000008                uwTickFreq
 .data.uxCriticalNesting
                0x000000002000000c        0x4 ./Middlewares/Third_Party/FreeRTOS/Source/portable/GCC/ARM_CM3/port.o
 .data._impure_data
                0x0000000020000010       0x4c C:/ST/STM32CubeIDE_1.14.1/STM32CubeIDE/plugins/com.st.stm32cube.ide.mcu.externaltools.gnu-tools-for-stm32.11.3.rel1.win32_1.1.100.202309141235/tools/bin/../lib/gcc/arm-none-eabi/11.3.1/../../../../arm-none-eabi/lib/thumb/v7-m/nofp\libc_nano.a(libc_a-impure.o)
                0x0000000020000010                _impure_data
 .data._impure_ptr
                0x000000002000005c        0x4 C:/ST/STM32CubeIDE_1.14.1/STM32CubeIDE/plugins/com.st.stm32cube.ide.mcu.externaltools.gnu-tools-for-stm32.11.3.rel1.win32_1.1.100.202309141235/tools/bin/../lib/gcc/arm-none-eabi/11.3.1/../../../../arm-none-eabi/lib/thumb/v7-m/nofp\libc_nano.a(libc_a-impure.o)
                0x000000002000005c                _impure_ptr
 *(.RamFunc)
 *(.RamFunc*)
                0x0000000020000060                . = ALIGN (0x4)
                0x0000000020000060                _edata = .

.igot.plt       0x0000000020000060        0x0 load address 0x0000000008007028
 .igot.plt      0x0000000020000060        0x0 C:/ST/STM32CubeIDE_1.14.1/STM32CubeIDE/plugins/com.st.stm32cube.ide.mcu.externaltools.gnu-tools-for-stm32.11.3.rel1.win32_1.1.100.202309141235/tools/bin/../lib/gcc/arm-none-eabi/11.3.1/thumb/v7-m/nofp/crtbegin.o
                0x0000000020000060                . = ALIGN (0x4)

.bss            0x0000000020000060     0x1c18 load address 0x0000000008007028
                0x0000000020000060                _sbss = .
                0x0000000020000060                __bss_start__ = _sbss
 *(.bss)
 .bss           0x0000000020000060       0x1c C:/ST/STM32CubeIDE_1.14.1/STM32CubeIDE/plugins/com.st.stm32cube.ide.mcu.externaltools.gnu-tools-for-stm32.11.3.rel1.win32_1.1.100.202309141235/tools/bin/../lib/gcc/arm-none-eabi/11.3.1/thumb/v7-m/nofp/crtbegin.o
 *(.bss*)
 .bss.Distance  0x000000002000007c        0x4 ./Core/Src/distance_sensor.o
 .bss.pMillis   0x0000000020000080        0x4 ./Core/Src/distance_sensor.o
                0x0000000020000080                pMillis
 .bss.time_start
                0x0000000020000084        0x4 ./Core/Src/distance_sensor.o
                0x0000000020000084                time_start
 .bss.time_end  0x0000000020000088        0x4 ./Core/Src/distance_sensor.o
                0x0000000020000088                time_end
 .bss.led_s     0x000000002000008c        0x1 ./Core/Src/led.o
 *fill*         0x000000002000008d        0x3 
 .bss.Distance  0x0000000020000090        0x4 ./Core/Src/led.o
 .bss.Temperature
                0x0000000020000094        0x4 ./Core/Src/led.o
 .bss.led       0x0000000020000098        0x1 ./Core/Src/led.o
                0x0000000020000098                led
 *fill*         0x0000000020000099        0x3 
 .bss.hadc      0x000000002000009c       0x54 ./Core/Src/main.o
                0x000000002000009c                hadc
 .bss.htim2     0x00000000200000f0       0x40 ./Core/Src/main.o
                0x00000000200000f0                htim2
 .bss.defaultTaskHandle
                0x0000000020000130        0x4 ./Core/Src/main.o
                0x0000000020000130                defaultTaskHandle
 .bss.tmprMutex
                0x0000000020000134        0x4 ./Core/Src/mutex.o
 .bss.distMutex
                0x0000000020000138        0x4 ./Core/Src/mutex.o
 .bss.ledMutex  0x000000002000013c        0x4 ./Core/Src/mutex.o
 .bss.led_s     0x0000000020000140        0x1 ./Core/Src/task_manager.o
 *fill*         0x0000000020000141        0x3 
 .bss.ReadDistanceTask
                0x0000000020000144        0x4 ./Core/Src/task_manager.o
 .bss.MeasureTempTask
                0x0000000020000148        0x4 ./Core/Src/task_manager.o
 .bss.Temperature
                0x000000002000014c        0x4 ./Core/Src/temperature_sensor.o
 .bss.adc_value
                0x0000000020000150        0x2 ./Core/Src/temperature_sensor.o
                0x0000000020000150                adc_value
 *fill*         0x0000000020000152        0x2 
 .bss.uwTick    0x0000000020000154        0x4 ./Drivers/STM32L1xx_HAL_Driver/Src/stm32l1xx_hal.o
                0x0000000020000154                uwTick
 .bss.KernelState
                0x0000000020000158        0x4 ./Middlewares/Third_Party/FreeRTOS/Source/CMSIS_RTOS_V2/cmsis_os2.o
 .bss.Idle_TCB  0x000000002000015c       0xa8 ./Middlewares/Third_Party/FreeRTOS/Source/CMSIS_RTOS_V2/cmsis_os2.o
 .bss.Idle_Stack
                0x0000000020000204      0x200 ./Middlewares/Third_Party/FreeRTOS/Source/CMSIS_RTOS_V2/cmsis_os2.o
 .bss.Timer_TCB
                0x0000000020000404       0xa8 ./Middlewares/Third_Party/FreeRTOS/Source/CMSIS_RTOS_V2/cmsis_os2.o
 .bss.Timer_Stack
                0x00000000200004ac      0x400 ./Middlewares/Third_Party/FreeRTOS/Source/CMSIS_RTOS_V2/cmsis_os2.o
 .bss.xQueueRegistry
                0x00000000200008ac       0x40 ./Middlewares/Third_Party/FreeRTOS/Source/queue.o
                0x00000000200008ac                xQueueRegistry
 .bss.pxCurrentTCB
                0x00000000200008ec        0x4 ./Middlewares/Third_Party/FreeRTOS/Source/tasks.o
                0x00000000200008ec                pxCurrentTCB
 .bss.pxReadyTasksLists
                0x00000000200008f0      0x460 ./Middlewares/Third_Party/FreeRTOS/Source/tasks.o
 .bss.xDelayedTaskList1
                0x0000000020000d50       0x14 ./Middlewares/Third_Party/FreeRTOS/Source/tasks.o
 .bss.xDelayedTaskList2
                0x0000000020000d64       0x14 ./Middlewares/Third_Party/FreeRTOS/Source/tasks.o
 .bss.pxDelayedTaskList
                0x0000000020000d78        0x4 ./Middlewares/Third_Party/FreeRTOS/Source/tasks.o
 .bss.pxOverflowDelayedTaskList
                0x0000000020000d7c        0x4 ./Middlewares/Third_Party/FreeRTOS/Source/tasks.o
 .bss.xPendingReadyList
                0x0000000020000d80       0x14 ./Middlewares/Third_Party/FreeRTOS/Source/tasks.o
 .bss.xTasksWaitingTermination
                0x0000000020000d94       0x14 ./Middlewares/Third_Party/FreeRTOS/Source/tasks.o
 .bss.uxDeletedTasksWaitingCleanUp
                0x0000000020000da8        0x4 ./Middlewares/Third_Party/FreeRTOS/Source/tasks.o
 .bss.xSuspendedTaskList
                0x0000000020000dac       0x14 ./Middlewares/Third_Party/FreeRTOS/Source/tasks.o
 .bss.uxCurrentNumberOfTasks
                0x0000000020000dc0        0x4 ./Middlewares/Third_Party/FreeRTOS/Source/tasks.o
 .bss.xTickCount
                0x0000000020000dc4        0x4 ./Middlewares/Third_Party/FreeRTOS/Source/tasks.o
 .bss.uxTopReadyPriority
                0x0000000020000dc8        0x4 ./Middlewares/Third_Party/FreeRTOS/Source/tasks.o
 .bss.xSchedulerRunning
                0x0000000020000dcc        0x4 ./Middlewares/Third_Party/FreeRTOS/Source/tasks.o
 .bss.uxPendedTicks
                0x0000000020000dd0        0x4 ./Middlewares/Third_Party/FreeRTOS/Source/tasks.o
 .bss.xYieldPending
                0x0000000020000dd4        0x4 ./Middlewares/Third_Party/FreeRTOS/Source/tasks.o
 .bss.xNumOfOverflows
                0x0000000020000dd8        0x4 ./Middlewares/Third_Party/FreeRTOS/Source/tasks.o
 .bss.uxTaskNumber
                0x0000000020000ddc        0x4 ./Middlewares/Third_Party/FreeRTOS/Source/tasks.o
 .bss.xNextTaskUnblockTime
                0x0000000020000de0        0x4 ./Middlewares/Third_Party/FreeRTOS/Source/tasks.o
 .bss.xIdleTaskHandle
                0x0000000020000de4        0x4 ./Middlewares/Third_Party/FreeRTOS/Source/tasks.o
 .bss.uxSchedulerSuspended
                0x0000000020000de8        0x4 ./Middlewares/Third_Party/FreeRTOS/Source/tasks.o
 .bss.xActiveTimerList1
                0x0000000020000dec       0x14 ./Middlewares/Third_Party/FreeRTOS/Source/timers.o
 .bss.xActiveTimerList2
                0x0000000020000e00       0x14 ./Middlewares/Third_Party/FreeRTOS/Source/timers.o
 .bss.pxCurrentTimerList
                0x0000000020000e14        0x4 ./Middlewares/Third_Party/FreeRTOS/Source/timers.o
 .bss.pxOverflowTimerList
                0x0000000020000e18        0x4 ./Middlewares/Third_Party/FreeRTOS/Source/timers.o
 .bss.xTimerQueue
                0x0000000020000e1c        0x4 ./Middlewares/Third_Party/FreeRTOS/Source/timers.o
 .bss.xTimerTaskHandle
                0x0000000020000e20        0x4 ./Middlewares/Third_Party/FreeRTOS/Source/timers.o
 .bss.xLastTime.2
                0x0000000020000e24        0x4 ./Middlewares/Third_Party/FreeRTOS/Source/timers.o
 .bss.ucStaticTimerQueueStorage.1
                0x0000000020000e28       0xa0 ./Middlewares/Third_Party/FreeRTOS/Source/timers.o
 .bss.xStaticTimerQueue.0
                0x0000000020000ec8       0x50 ./Middlewares/Third_Party/FreeRTOS/Source/timers.o
 .bss.ucMaxSysCallPriority
                0x0000000020000f18        0x1 ./Middlewares/Third_Party/FreeRTOS/Source/portable/GCC/ARM_CM3/port.o
 *fill*         0x0000000020000f19        0x3 
 .bss.ulMaxPRIGROUPValue
                0x0000000020000f1c        0x4 ./Middlewares/Third_Party/FreeRTOS/Source/portable/GCC/ARM_CM3/port.o
 .bss.ucHeap    0x0000000020000f20      0xc00 ./Middlewares/Third_Party/FreeRTOS/Source/portable/MemMang/heap_4.o
 .bss.xStart    0x0000000020001b20        0x8 ./Middlewares/Third_Party/FreeRTOS/Source/portable/MemMang/heap_4.o
 .bss.pxEnd     0x0000000020001b28        0x4 ./Middlewares/Third_Party/FreeRTOS/Source/portable/MemMang/heap_4.o
 .bss.xFreeBytesRemaining
                0x0000000020001b2c        0x4 ./Middlewares/Third_Party/FreeRTOS/Source/portable/MemMang/heap_4.o
 .bss.xMinimumEverFreeBytesRemaining
                0x0000000020001b30        0x4 ./Middlewares/Third_Party/FreeRTOS/Source/portable/MemMang/heap_4.o
 .bss.xBlockAllocatedBit
                0x0000000020001b34        0x4 ./Middlewares/Third_Party/FreeRTOS/Source/portable/MemMang/heap_4.o
 .bss.__sf      0x0000000020001b38      0x138 C:/ST/STM32CubeIDE_1.14.1/STM32CubeIDE/plugins/com.st.stm32cube.ide.mcu.externaltools.gnu-tools-for-stm32.11.3.rel1.win32_1.1.100.202309141235/tools/bin/../lib/gcc/arm-none-eabi/11.3.1/../../../../arm-none-eabi/lib/thumb/v7-m/nofp\libc_nano.a(libc_a-findfp.o)
                0x0000000020001b38                __sf
 .bss.__lock___malloc_recursive_mutex
                0x0000000020001c70        0x1 C:/ST/STM32CubeIDE_1.14.1/STM32CubeIDE/plugins/com.st.stm32cube.ide.mcu.externaltools.gnu-tools-for-stm32.11.3.rel1.win32_1.1.100.202309141235/tools/bin/../lib/gcc/arm-none-eabi/11.3.1/../../../../arm-none-eabi/lib/thumb/v7-m/nofp\libc_nano.a(libc_a-lock.o)
                0x0000000020001c70                __lock___malloc_recursive_mutex
 *fill*         0x0000000020001c71        0x3 
 .bss.__malloc_free_list
                0x0000000020001c74        0x4 C:/ST/STM32CubeIDE_1.14.1/STM32CubeIDE/plugins/com.st.stm32cube.ide.mcu.externaltools.gnu-tools-for-stm32.11.3.rel1.win32_1.1.100.202309141235/tools/bin/../lib/gcc/arm-none-eabi/11.3.1/../../../../arm-none-eabi/lib/thumb/v7-m/nofp\libc_nano.a(libc_a-mallocr.o)
                0x0000000020001c74                __malloc_free_list
 *(COMMON)
                0x0000000020001c78                . = ALIGN (0x4)
                0x0000000020001c78                _ebss = .
                0x0000000020001c78                __bss_end__ = _ebss

._user_heap_stack
                0x0000000020001c78      0x600 load address 0x0000000008007028
                0x0000000020001c78                . = ALIGN (0x8)
                [!provide]                        PROVIDE (end = .)
                0x0000000020001c78                PROVIDE (_end = .)
                0x0000000020001e78                . = (. + _Min_Heap_Size)
 *fill*         0x0000000020001c78      0x200 
                0x0000000020002278                . = (. + _Min_Stack_Size)
 *fill*         0x0000000020001e78      0x400 
                0x0000000020002278                . = ALIGN (0x8)

/DISCARD/
 libc.a(*)
 libm.a(*)
 libgcc.a(*)

.ARM.attributes
                0x0000000000000000       0x29
 *(.ARM.attributes)
 .ARM.attributes
                0x0000000000000000       0x1d C:/ST/STM32CubeIDE_1.14.1/STM32CubeIDE/plugins/com.st.stm32cube.ide.mcu.externaltools.gnu-tools-for-stm32.11.3.rel1.win32_1.1.100.202309141235/tools/bin/../lib/gcc/arm-none-eabi/11.3.1/thumb/v7-m/nofp/crti.o
 .ARM.attributes
                0x000000000000001d       0x2d C:/ST/STM32CubeIDE_1.14.1/STM32CubeIDE/plugins/com.st.stm32cube.ide.mcu.externaltools.gnu-tools-for-stm32.11.3.rel1.win32_1.1.100.202309141235/tools/bin/../lib/gcc/arm-none-eabi/11.3.1/thumb/v7-m/nofp/crtbegin.o
 .ARM.attributes
                0x000000000000004a       0x2d ./Core/Src/distance_sensor.o
 .ARM.attributes
                0x0000000000000077       0x2d ./Core/Src/led.o
 .ARM.attributes
                0x00000000000000a4       0x2d ./Core/Src/main.o
 .ARM.attributes
                0x00000000000000d1       0x2d ./Core/Src/mutex.o
 .ARM.attributes
                0x00000000000000fe       0x2d ./Core/Src/stm32l1xx_hal_msp.o
 .ARM.attributes
                0x000000000000012b       0x2d ./Core/Src/stm32l1xx_it.o
 .ARM.attributes
                0x0000000000000158       0x2d ./Core/Src/system_stm32l1xx.o
 .ARM.attributes
                0x0000000000000185       0x2d ./Core/Src/task_manager.o
 .ARM.attributes
                0x00000000000001b2       0x2d ./Core/Src/temperature_sensor.o
 .ARM.attributes
                0x00000000000001df       0x21 ./Core/Startup/startup_stm32l152retx.o
 .ARM.attributes
                0x0000000000000200       0x2d ./Drivers/STM32L1xx_HAL_Driver/Src/stm32l1xx_hal.o
 .ARM.attributes
                0x000000000000022d       0x2d ./Drivers/STM32L1xx_HAL_Driver/Src/stm32l1xx_hal_adc.o
 .ARM.attributes
                0x000000000000025a       0x2d ./Drivers/STM32L1xx_HAL_Driver/Src/stm32l1xx_hal_adc_ex.o
 .ARM.attributes
                0x0000000000000287       0x2d ./Drivers/STM32L1xx_HAL_Driver/Src/stm32l1xx_hal_cortex.o
 .ARM.attributes
                0x00000000000002b4       0x2d ./Drivers/STM32L1xx_HAL_Driver/Src/stm32l1xx_hal_gpio.o
 .ARM.attributes
                0x00000000000002e1       0x2d ./Drivers/STM32L1xx_HAL_Driver/Src/stm32l1xx_hal_rcc.o
 .ARM.attributes
                0x000000000000030e       0x2d ./Drivers/STM32L1xx_HAL_Driver/Src/stm32l1xx_hal_tim.o
 .ARM.attributes
                0x000000000000033b       0x2d ./Drivers/STM32L1xx_HAL_Driver/Src/stm32l1xx_hal_tim_ex.o
 .ARM.attributes
                0x0000000000000368       0x2d ./Middlewares/Third_Party/FreeRTOS/Source/CMSIS_RTOS_V2/cmsis_os2.o
 .ARM.attributes
                0x0000000000000395       0x2d ./Middlewares/Third_Party/FreeRTOS/Source/list.o
 .ARM.attributes
                0x00000000000003c2       0x2d ./Middlewares/Third_Party/FreeRTOS/Source/queue.o
 .ARM.attributes
                0x00000000000003ef       0x2d ./Middlewares/Third_Party/FreeRTOS/Source/tasks.o
 .ARM.attributes
                0x000000000000041c       0x2d ./Middlewares/Third_Party/FreeRTOS/Source/timers.o
 .ARM.attributes
                0x0000000000000449       0x2d ./Middlewares/Third_Party/FreeRTOS/Source/portable/GCC/ARM_CM3/port.o
 .ARM.attributes
                0x0000000000000476       0x2d ./Middlewares/Third_Party/FreeRTOS/Source/portable/MemMang/heap_4.o
 .ARM.attributes
                0x00000000000004a3       0x2d C:/ST/STM32CubeIDE_1.14.1/STM32CubeIDE/plugins/com.st.stm32cube.ide.mcu.externaltools.gnu-tools-for-stm32.11.3.rel1.win32_1.1.100.202309141235/tools/bin/../lib/gcc/arm-none-eabi/11.3.1/../../../../arm-none-eabi/lib/thumb/v7-m/nofp\libc_nano.a(libc_a-findfp.o)
 .ARM.attributes
                0x00000000000004d0       0x2d C:/ST/STM32CubeIDE_1.14.1/STM32CubeIDE/plugins/com.st.stm32cube.ide.mcu.externaltools.gnu-tools-for-stm32.11.3.rel1.win32_1.1.100.202309141235/tools/bin/../lib/gcc/arm-none-eabi/11.3.1/../../../../arm-none-eabi/lib/thumb/v7-m/nofp\libc_nano.a(libc_a-memset.o)
 .ARM.attributes
                0x00000000000004fd       0x2d C:/ST/STM32CubeIDE_1.14.1/STM32CubeIDE/plugins/com.st.stm32cube.ide.mcu.externaltools.gnu-tools-for-stm32.11.3.rel1.win32_1.1.100.202309141235/tools/bin/../lib/gcc/arm-none-eabi/11.3.1/../../../../arm-none-eabi/lib/thumb/v7-m/nofp\libc_nano.a(libc_a-reent.o)
 .ARM.attributes
                0x000000000000052a       0x2d C:/ST/STM32CubeIDE_1.14.1/STM32CubeIDE/plugins/com.st.stm32cube.ide.mcu.externaltools.gnu-tools-for-stm32.11.3.rel1.win32_1.1.100.202309141235/tools/bin/../lib/gcc/arm-none-eabi/11.3.1/../../../../arm-none-eabi/lib/thumb/v7-m/nofp\libc_nano.a(libc_a-impure.o)
 .ARM.attributes
                0x0000000000000557       0x2d C:/ST/STM32CubeIDE_1.14.1/STM32CubeIDE/plugins/com.st.stm32cube.ide.mcu.externaltools.gnu-tools-for-stm32.11.3.rel1.win32_1.1.100.202309141235/tools/bin/../lib/gcc/arm-none-eabi/11.3.1/../../../../arm-none-eabi/lib/thumb/v7-m/nofp\libc_nano.a(libc_a-init.o)
 .ARM.attributes
                0x0000000000000584       0x2d C:/ST/STM32CubeIDE_1.14.1/STM32CubeIDE/plugins/com.st.stm32cube.ide.mcu.externaltools.gnu-tools-for-stm32.11.3.rel1.win32_1.1.100.202309141235/tools/bin/../lib/gcc/arm-none-eabi/11.3.1/../../../../arm-none-eabi/lib/thumb/v7-m/nofp\libc_nano.a(libc_a-lock.o)
 .ARM.attributes
                0x00000000000005b1       0x2d C:/ST/STM32CubeIDE_1.14.1/STM32CubeIDE/plugins/com.st.stm32cube.ide.mcu.externaltools.gnu-tools-for-stm32.11.3.rel1.win32_1.1.100.202309141235/tools/bin/../lib/gcc/arm-none-eabi/11.3.1/../../../../arm-none-eabi/lib/thumb/v7-m/nofp\libc_nano.a(libc_a-memcpy-stub.o)
 .ARM.attributes
                0x00000000000005de       0x2d C:/ST/STM32CubeIDE_1.14.1/STM32CubeIDE/plugins/com.st.stm32cube.ide.mcu.externaltools.gnu-tools-for-stm32.11.3.rel1.win32_1.1.100.202309141235/tools/bin/../lib/gcc/arm-none-eabi/11.3.1/../../../../arm-none-eabi/lib/thumb/v7-m/nofp\libc_nano.a(libc_a-freer.o)
 .ARM.attributes
                0x000000000000060b       0x2d C:/ST/STM32CubeIDE_1.14.1/STM32CubeIDE/plugins/com.st.stm32cube.ide.mcu.externaltools.gnu-tools-for-stm32.11.3.rel1.win32_1.1.100.202309141235/tools/bin/../lib/gcc/arm-none-eabi/11.3.1/../../../../arm-none-eabi/lib/thumb/v7-m/nofp\libc_nano.a(libc_a-mallocr.o)
 .ARM.attributes
                0x0000000000000638       0x2d C:/ST/STM32CubeIDE_1.14.1/STM32CubeIDE/plugins/com.st.stm32cube.ide.mcu.externaltools.gnu-tools-for-stm32.11.3.rel1.win32_1.1.100.202309141235/tools/bin/../lib/gcc/arm-none-eabi/11.3.1/../../../../arm-none-eabi/lib/thumb/v7-m/nofp\libc_nano.a(libc_a-mlock.o)
 .ARM.attributes
                0x0000000000000665       0x1d C:/ST/STM32CubeIDE_1.14.1/STM32CubeIDE/plugins/com.st.stm32cube.ide.mcu.externaltools.gnu-tools-for-stm32.11.3.rel1.win32_1.1.100.202309141235/tools/bin/../lib/gcc/arm-none-eabi/11.3.1/thumb/v7-m/nofp\libgcc.a(_arm_addsubdf3.o)
 .ARM.attributes
                0x0000000000000682       0x1d C:/ST/STM32CubeIDE_1.14.1/STM32CubeIDE/plugins/com.st.stm32cube.ide.mcu.externaltools.gnu-tools-for-stm32.11.3.rel1.win32_1.1.100.202309141235/tools/bin/../lib/gcc/arm-none-eabi/11.3.1/thumb/v7-m/nofp\libgcc.a(_arm_muldivdf3.o)
 .ARM.attributes
                0x000000000000069f       0x1d C:/ST/STM32CubeIDE_1.14.1/STM32CubeIDE/plugins/com.st.stm32cube.ide.mcu.externaltools.gnu-tools-for-stm32.11.3.rel1.win32_1.1.100.202309141235/tools/bin/../lib/gcc/arm-none-eabi/11.3.1/thumb/v7-m/nofp\libgcc.a(_arm_truncdfsf2.o)
 .ARM.attributes
                0x00000000000006bc       0x1d C:/ST/STM32CubeIDE_1.14.1/STM32CubeIDE/plugins/com.st.stm32cube.ide.mcu.externaltools.gnu-tools-for-stm32.11.3.rel1.win32_1.1.100.202309141235/tools/bin/../lib/gcc/arm-none-eabi/11.3.1/thumb/v7-m/nofp\libgcc.a(_arm_addsubsf3.o)
 .ARM.attributes
                0x00000000000006d9       0x1d C:/ST/STM32CubeIDE_1.14.1/STM32CubeIDE/plugins/com.st.stm32cube.ide.mcu.externaltools.gnu-tools-for-stm32.11.3.rel1.win32_1.1.100.202309141235/tools/bin/../lib/gcc/arm-none-eabi/11.3.1/thumb/v7-m/nofp\libgcc.a(_arm_cmpsf2.o)
 .ARM.attributes
                0x00000000000006f6       0x1d C:/ST/STM32CubeIDE_1.14.1/STM32CubeIDE/plugins/com.st.stm32cube.ide.mcu.externaltools.gnu-tools-for-stm32.11.3.rel1.win32_1.1.100.202309141235/tools/bin/../lib/gcc/arm-none-eabi/11.3.1/thumb/v7-m/nofp\libgcc.a(_aeabi_uldivmod.o)
 .ARM.attributes
                0x0000000000000713       0x2d C:/ST/STM32CubeIDE_1.14.1/STM32CubeIDE/plugins/com.st.stm32cube.ide.mcu.externaltools.gnu-tools-for-stm32.11.3.rel1.win32_1.1.100.202309141235/tools/bin/../lib/gcc/arm-none-eabi/11.3.1/thumb/v7-m/nofp\libgcc.a(_udivmoddi4.o)
 .ARM.attributes
                0x0000000000000740       0x1d C:/ST/STM32CubeIDE_1.14.1/STM32CubeIDE/plugins/com.st.stm32cube.ide.mcu.externaltools.gnu-tools-for-stm32.11.3.rel1.win32_1.1.100.202309141235/tools/bin/../lib/gcc/arm-none-eabi/11.3.1/thumb/v7-m/nofp\libgcc.a(_dvmd_tls.o)
 .ARM.attributes
                0x000000000000075d       0x1d C:/ST/STM32CubeIDE_1.14.1/STM32CubeIDE/plugins/com.st.stm32cube.ide.mcu.externaltools.gnu-tools-for-stm32.11.3.rel1.win32_1.1.100.202309141235/tools/bin/../lib/gcc/arm-none-eabi/11.3.1/thumb/v7-m/nofp/crtn.o
OUTPUT(RealTimeProject.elf elf32-littlearm)
LOAD linker stubs
LOAD C:/ST/STM32CubeIDE_1.14.1/STM32CubeIDE/plugins/com.st.stm32cube.ide.mcu.externaltools.gnu-tools-for-stm32.11.3.rel1.win32_1.1.100.202309141235/tools/bin/../lib/gcc/arm-none-eabi/11.3.1/../../../../arm-none-eabi/lib/thumb/v7-m/nofp\libc.a
LOAD C:/ST/STM32CubeIDE_1.14.1/STM32CubeIDE/plugins/com.st.stm32cube.ide.mcu.externaltools.gnu-tools-for-stm32.11.3.rel1.win32_1.1.100.202309141235/tools/bin/../lib/gcc/arm-none-eabi/11.3.1/../../../../arm-none-eabi/lib/thumb/v7-m/nofp\libm.a
LOAD C:/ST/STM32CubeIDE_1.14.1/STM32CubeIDE/plugins/com.st.stm32cube.ide.mcu.externaltools.gnu-tools-for-stm32.11.3.rel1.win32_1.1.100.202309141235/tools/bin/../lib/gcc/arm-none-eabi/11.3.1/thumb/v7-m/nofp\libgcc.a

.comment        0x0000000000000000       0x43
 .comment       0x0000000000000000       0x43 C:/ST/STM32CubeIDE_1.14.1/STM32CubeIDE/plugins/com.st.stm32cube.ide.mcu.externaltools.gnu-tools-for-stm32.11.3.rel1.win32_1.1.100.202309141235/tools/bin/../lib/gcc/arm-none-eabi/11.3.1/thumb/v7-m/nofp/crtbegin.o
                                         0x44 (size before relaxing)
 .comment       0x0000000000000043       0x44 ./Core/Src/distance_sensor.o
 .comment       0x0000000000000043       0x44 ./Core/Src/led.o
 .comment       0x0000000000000043       0x44 ./Core/Src/main.o
 .comment       0x0000000000000043       0x44 ./Core/Src/mutex.o
 .comment       0x0000000000000043       0x44 ./Core/Src/stm32l1xx_hal_msp.o
 .comment       0x0000000000000043       0x44 ./Core/Src/stm32l1xx_it.o
 .comment       0x0000000000000043       0x44 ./Core/Src/system_stm32l1xx.o
 .comment       0x0000000000000043       0x44 ./Core/Src/task_manager.o
 .comment       0x0000000000000043       0x44 ./Core/Src/temperature_sensor.o
 .comment       0x0000000000000043       0x44 ./Drivers/STM32L1xx_HAL_Driver/Src/stm32l1xx_hal.o
 .comment       0x0000000000000043       0x44 ./Drivers/STM32L1xx_HAL_Driver/Src/stm32l1xx_hal_adc.o
 .comment       0x0000000000000043       0x44 ./Drivers/STM32L1xx_HAL_Driver/Src/stm32l1xx_hal_adc_ex.o
 .comment       0x0000000000000043       0x44 ./Drivers/STM32L1xx_HAL_Driver/Src/stm32l1xx_hal_cortex.o
 .comment       0x0000000000000043       0x44 ./Drivers/STM32L1xx_HAL_Driver/Src/stm32l1xx_hal_gpio.o
 .comment       0x0000000000000043       0x44 ./Drivers/STM32L1xx_HAL_Driver/Src/stm32l1xx_hal_rcc.o
 .comment       0x0000000000000043       0x44 ./Drivers/STM32L1xx_HAL_Driver/Src/stm32l1xx_hal_tim.o
 .comment       0x0000000000000043       0x44 ./Drivers/STM32L1xx_HAL_Driver/Src/stm32l1xx_hal_tim_ex.o
 .comment       0x0000000000000043       0x44 ./Middlewares/Third_Party/FreeRTOS/Source/CMSIS_RTOS_V2/cmsis_os2.o
 .comment       0x0000000000000043       0x44 ./Middlewares/Third_Party/FreeRTOS/Source/list.o
 .comment       0x0000000000000043       0x44 ./Middlewares/Third_Party/FreeRTOS/Source/queue.o
 .comment       0x0000000000000043       0x44 ./Middlewares/Third_Party/FreeRTOS/Source/tasks.o
 .comment       0x0000000000000043       0x44 ./Middlewares/Third_Party/FreeRTOS/Source/timers.o
 .comment       0x0000000000000043       0x44 ./Middlewares/Third_Party/FreeRTOS/Source/portable/GCC/ARM_CM3/port.o
 .comment       0x0000000000000043       0x44 ./Middlewares/Third_Party/FreeRTOS/Source/portable/MemMang/heap_4.o

.debug_info     0x0000000000000000    0x15ede
 .debug_info    0x0000000000000000      0x8c3 ./Core/Src/distance_sensor.o
 .debug_info    0x00000000000008c3      0x337 ./Core/Src/led.o
 .debug_info    0x0000000000000bfa     0x13e2 ./Core/Src/main.o
 .debug_info    0x0000000000001fdc      0x1ed ./Core/Src/mutex.o
 .debug_info    0x00000000000021c9      0xdd4 ./Core/Src/stm32l1xx_hal_msp.o
 .debug_info    0x0000000000002f9d      0x96e ./Core/Src/stm32l1xx_it.o
 .debug_info    0x000000000000390b      0x27c ./Core/Src/system_stm32l1xx.o
 .debug_info    0x0000000000003b87      0xad0 ./Core/Src/task_manager.o
 .debug_info    0x0000000000004657      0x760 ./Core/Src/temperature_sensor.o
 .debug_info    0x0000000000004db7       0x23 ./Core/Startup/startup_stm32l152retx.o
 .debug_info    0x0000000000004dda      0x6ef ./Drivers/STM32L1xx_HAL_Driver/Src/stm32l1xx_hal.o
 .debug_info    0x00000000000054c9      0xe77 ./Drivers/STM32L1xx_HAL_Driver/Src/stm32l1xx_hal_adc.o
 .debug_info    0x0000000000006340      0x909 ./Drivers/STM32L1xx_HAL_Driver/Src/stm32l1xx_hal_adc_ex.o
 .debug_info    0x0000000000006c49      0xcb0 ./Drivers/STM32L1xx_HAL_Driver/Src/stm32l1xx_hal_cortex.o
 .debug_info    0x00000000000078f9      0x5b2 ./Drivers/STM32L1xx_HAL_Driver/Src/stm32l1xx_hal_gpio.o
 .debug_info    0x0000000000007eab      0x991 ./Drivers/STM32L1xx_HAL_Driver/Src/stm32l1xx_hal_rcc.o
 .debug_info    0x000000000000883c     0x27af ./Drivers/STM32L1xx_HAL_Driver/Src/stm32l1xx_hal_tim.o
 .debug_info    0x000000000000afeb      0x6a8 ./Drivers/STM32L1xx_HAL_Driver/Src/stm32l1xx_hal_tim_ex.o
 .debug_info    0x000000000000b693     0x4058 ./Middlewares/Third_Party/FreeRTOS/Source/CMSIS_RTOS_V2/cmsis_os2.o
 .debug_info    0x000000000000f6eb      0x2aa ./Middlewares/Third_Party/FreeRTOS/Source/list.o
 .debug_info    0x000000000000f995     0x1abf ./Middlewares/Third_Party/FreeRTOS/Source/queue.o
 .debug_info    0x0000000000011454     0x27b7 ./Middlewares/Third_Party/FreeRTOS/Source/tasks.o
 .debug_info    0x0000000000013c0b     0x1a7c ./Middlewares/Third_Party/FreeRTOS/Source/timers.o
 .debug_info    0x0000000000015687      0x494 ./Middlewares/Third_Party/FreeRTOS/Source/portable/GCC/ARM_CM3/port.o
 .debug_info    0x0000000000015b1b      0x3c3 ./Middlewares/Third_Party/FreeRTOS/Source/portable/MemMang/heap_4.o

.debug_abbrev   0x0000000000000000     0x3896
 .debug_abbrev  0x0000000000000000      0x24a ./Core/Src/distance_sensor.o
 .debug_abbrev  0x000000000000024a      0x1b2 ./Core/Src/led.o
 .debug_abbrev  0x00000000000003fc      0x302 ./Core/Src/main.o
 .debug_abbrev  0x00000000000006fe       0xa2 ./Core/Src/mutex.o
 .debug_abbrev  0x00000000000007a0      0x1ba ./Core/Src/stm32l1xx_hal_msp.o
 .debug_abbrev  0x000000000000095a      0x1cc ./Core/Src/stm32l1xx_it.o
 .debug_abbrev  0x0000000000000b26      0x11c ./Core/Src/system_stm32l1xx.o
 .debug_abbrev  0x0000000000000c42      0x248 ./Core/Src/task_manager.o
 .debug_abbrev  0x0000000000000e8a      0x220 ./Core/Src/temperature_sensor.o
 .debug_abbrev  0x00000000000010aa       0x12 ./Core/Startup/startup_stm32l152retx.o
 .debug_abbrev  0x00000000000010bc      0x275 ./Drivers/STM32L1xx_HAL_Driver/Src/stm32l1xx_hal.o
 .debug_abbrev  0x0000000000001331      0x296 ./Drivers/STM32L1xx_HAL_Driver/Src/stm32l1xx_hal_adc.o
 .debug_abbrev  0x00000000000015c7      0x26c ./Drivers/STM32L1xx_HAL_Driver/Src/stm32l1xx_hal_adc_ex.o
 .debug_abbrev  0x0000000000001833      0x327 ./Drivers/STM32L1xx_HAL_Driver/Src/stm32l1xx_hal_cortex.o
 .debug_abbrev  0x0000000000001b5a      0x1d4 ./Drivers/STM32L1xx_HAL_Driver/Src/stm32l1xx_hal_gpio.o
 .debug_abbrev  0x0000000000001d2e      0x2b8 ./Drivers/STM32L1xx_HAL_Driver/Src/stm32l1xx_hal_rcc.o
 .debug_abbrev  0x0000000000001fe6      0x25e ./Drivers/STM32L1xx_HAL_Driver/Src/stm32l1xx_hal_tim.o
 .debug_abbrev  0x0000000000002244      0x168 ./Drivers/STM32L1xx_HAL_Driver/Src/stm32l1xx_hal_tim_ex.o
 .debug_abbrev  0x00000000000023ac      0x465 ./Middlewares/Third_Party/FreeRTOS/Source/CMSIS_RTOS_V2/cmsis_os2.o
 .debug_abbrev  0x0000000000002811       0xf5 ./Middlewares/Third_Party/FreeRTOS/Source/list.o
 .debug_abbrev  0x0000000000002906      0x3ce ./Middlewares/Third_Party/FreeRTOS/Source/queue.o
 .debug_abbrev  0x0000000000002cd4      0x3fe ./Middlewares/Third_Party/FreeRTOS/Source/tasks.o
 .debug_abbrev  0x00000000000030d2      0x367 ./Middlewares/Third_Party/FreeRTOS/Source/timers.o
 .debug_abbrev  0x0000000000003439      0x258 ./Middlewares/Third_Party/FreeRTOS/Source/portable/GCC/ARM_CM3/port.o
 .debug_abbrev  0x0000000000003691      0x205 ./Middlewares/Third_Party/FreeRTOS/Source/portable/MemMang/heap_4.o

.debug_aranges  0x0000000000000000     0x11f8
 .debug_aranges
                0x0000000000000000       0x30 ./Core/Src/distance_sensor.o
 .debug_aranges
                0x0000000000000030       0x40 ./Core/Src/led.o
 .debug_aranges
                0x0000000000000070       0x50 ./Core/Src/main.o
 .debug_aranges
                0x00000000000000c0       0x50 ./Core/Src/mutex.o
 .debug_aranges
                0x0000000000000110       0x40 ./Core/Src/stm32l1xx_hal_msp.o
 .debug_aranges
                0x0000000000000150       0x60 ./Core/Src/stm32l1xx_it.o
 .debug_aranges
                0x00000000000001b0       0x28 ./Core/Src/system_stm32l1xx.o
 .debug_aranges
                0x00000000000001d8       0x48 ./Core/Src/task_manager.o
 .debug_aranges
                0x0000000000000220       0x30 ./Core/Src/temperature_sensor.o
 .debug_aranges
                0x0000000000000250       0x28 ./Core/Startup/startup_stm32l152retx.o
 .debug_aranges
                0x0000000000000278       0xe0 ./Drivers/STM32L1xx_HAL_Driver/Src/stm32l1xx_hal.o
 .debug_aranges
                0x0000000000000358       0xf0 ./Drivers/STM32L1xx_HAL_Driver/Src/stm32l1xx_hal_adc.o
 .debug_aranges
                0x0000000000000448       0x58 ./Drivers/STM32L1xx_HAL_Driver/Src/stm32l1xx_hal_adc_ex.o
 .debug_aranges
                0x00000000000004a0      0x118 ./Drivers/STM32L1xx_HAL_Driver/Src/stm32l1xx_hal_cortex.o
 .debug_aranges
                0x00000000000005b8       0x58 ./Drivers/STM32L1xx_HAL_Driver/Src/stm32l1xx_hal_gpio.o
 .debug_aranges
                0x0000000000000610       0x90 ./Drivers/STM32L1xx_HAL_Driver/Src/stm32l1xx_hal_rcc.o
 .debug_aranges
                0x00000000000006a0      0x3d0 ./Drivers/STM32L1xx_HAL_Driver/Src/stm32l1xx_hal_tim.o
 .debug_aranges
                0x0000000000000a70       0x28 ./Drivers/STM32L1xx_HAL_Driver/Src/stm32l1xx_hal_tim_ex.o
 .debug_aranges
                0x0000000000000a98      0x228 ./Middlewares/Third_Party/FreeRTOS/Source/CMSIS_RTOS_V2/cmsis_os2.o
 .debug_aranges
                0x0000000000000cc0       0x40 ./Middlewares/Third_Party/FreeRTOS/Source/list.o
 .debug_aranges
                0x0000000000000d00      0x158 ./Middlewares/Third_Party/FreeRTOS/Source/queue.o
 .debug_aranges
                0x0000000000000e58      0x1f8 ./Middlewares/Third_Party/FreeRTOS/Source/tasks.o
 .debug_aranges
                0x0000000000001050       0xe0 ./Middlewares/Third_Party/FreeRTOS/Source/timers.o
 .debug_aranges
                0x0000000000001130       0x78 ./Middlewares/Third_Party/FreeRTOS/Source/portable/GCC/ARM_CM3/port.o
 .debug_aranges
                0x00000000000011a8       0x50 ./Middlewares/Third_Party/FreeRTOS/Source/portable/MemMang/heap_4.o

.debug_rnglists
                0x0000000000000000      0xda6
 .debug_rnglists
                0x0000000000000000       0x20 ./Core/Src/distance_sensor.o
 .debug_rnglists
                0x0000000000000020       0x2c ./Core/Src/led.o
 .debug_rnglists
                0x000000000000004c       0x3b ./Core/Src/main.o
 .debug_rnglists
                0x0000000000000087       0x37 ./Core/Src/mutex.o
 .debug_rnglists
                0x00000000000000be       0x2c ./Core/Src/stm32l1xx_hal_msp.o
 .debug_rnglists
                0x00000000000000ea       0x43 ./Core/Src/stm32l1xx_it.o
 .debug_rnglists
                0x000000000000012d       0x1a ./Core/Src/system_stm32l1xx.o
 .debug_rnglists
                0x0000000000000147       0x31 ./Core/Src/task_manager.o
 .debug_rnglists
                0x0000000000000178       0x1f ./Core/Src/temperature_sensor.o
 .debug_rnglists
                0x0000000000000197       0x19 ./Core/Startup/startup_stm32l152retx.o
 .debug_rnglists
                0x00000000000001b0       0xa3 ./Drivers/STM32L1xx_HAL_Driver/Src/stm32l1xx_hal.o
 .debug_rnglists
                0x0000000000000253       0xbd ./Drivers/STM32L1xx_HAL_Driver/Src/stm32l1xx_hal_adc.o
 .debug_rnglists
                0x0000000000000310       0x43 ./Drivers/STM32L1xx_HAL_Driver/Src/stm32l1xx_hal_adc_ex.o
 .debug_rnglists
                0x0000000000000353       0xce ./Drivers/STM32L1xx_HAL_Driver/Src/stm32l1xx_hal_cortex.o
 .debug_rnglists
                0x0000000000000421       0x3f ./Drivers/STM32L1xx_HAL_Driver/Src/stm32l1xx_hal_gpio.o
 .debug_rnglists
                0x0000000000000460       0x6d ./Drivers/STM32L1xx_HAL_Driver/Src/stm32l1xx_hal_rcc.o
 .debug_rnglists
                0x00000000000004cd      0x307 ./Drivers/STM32L1xx_HAL_Driver/Src/stm32l1xx_hal_tim.o
 .debug_rnglists
                0x00000000000007d4       0x1a ./Drivers/STM32L1xx_HAL_Driver/Src/stm32l1xx_hal_tim_ex.o
 .debug_rnglists
                0x00000000000007ee      0x1b4 ./Middlewares/Third_Party/FreeRTOS/Source/CMSIS_RTOS_V2/cmsis_os2.o
 .debug_rnglists
                0x00000000000009a2       0x2b ./Middlewares/Third_Party/FreeRTOS/Source/list.o
 .debug_rnglists
                0x00000000000009cd      0x109 ./Middlewares/Third_Party/FreeRTOS/Source/queue.o
 .debug_rnglists
                0x0000000000000ad6      0x194 ./Middlewares/Third_Party/FreeRTOS/Source/tasks.o
 .debug_rnglists
                0x0000000000000c6a       0xab ./Middlewares/Third_Party/FreeRTOS/Source/timers.o
 .debug_rnglists
                0x0000000000000d15       0x56 ./Middlewares/Third_Party/FreeRTOS/Source/portable/GCC/ARM_CM3/port.o
 .debug_rnglists
                0x0000000000000d6b       0x3b ./Middlewares/Third_Party/FreeRTOS/Source/portable/MemMang/heap_4.o

.debug_macro    0x0000000000000000    0x18998
 .debug_macro   0x0000000000000000      0x2ec ./Core/Src/distance_sensor.o
 .debug_macro   0x00000000000002ec      0xa9c ./Core/Src/distance_sensor.o
 .debug_macro   0x0000000000000d88      0x10f ./Core/Src/distance_sensor.o
 .debug_macro   0x0000000000000e97       0x2e ./Core/Src/distance_sensor.o
 .debug_macro   0x0000000000000ec5       0x22 ./Core/Src/distance_sensor.o
 .debug_macro   0x0000000000000ee7       0x22 ./Core/Src/distance_sensor.o
 .debug_macro   0x0000000000000f09       0x8e ./Core/Src/distance_sensor.o
 .debug_macro   0x0000000000000f97       0x51 ./Core/Src/distance_sensor.o
 .debug_macro   0x0000000000000fe8      0x103 ./Core/Src/distance_sensor.o
 .debug_macro   0x00000000000010eb       0x6a ./Core/Src/distance_sensor.o
 .debug_macro   0x0000000000001155      0x1df ./Core/Src/distance_sensor.o
 .debug_macro   0x0000000000001334       0x1c ./Core/Src/distance_sensor.o
 .debug_macro   0x0000000000001350       0x22 ./Core/Src/distance_sensor.o
 .debug_macro   0x0000000000001372       0xbd ./Core/Src/distance_sensor.o
 .debug_macro   0x000000000000142f      0xe49 ./Core/Src/distance_sensor.o
 .debug_macro   0x0000000000002278      0x11f ./Core/Src/distance_sensor.o
 .debug_macro   0x0000000000002397     0xb56a ./Core/Src/distance_sensor.o
 .debug_macro   0x000000000000d901       0x6d ./Core/Src/distance_sensor.o
 .debug_macro   0x000000000000d96e     0x34cc ./Core/Src/distance_sensor.o
 .debug_macro   0x0000000000010e3a      0x174 ./Core/Src/distance_sensor.o
 .debug_macro   0x0000000000010fae       0x5b ./Core/Src/distance_sensor.o
 .debug_macro   0x0000000000011009      0xe37 ./Core/Src/distance_sensor.o
 .debug_macro   0x0000000000011e40      0x35b ./Core/Src/distance_sensor.o
 .debug_macro   0x000000000001219b      0x1b8 ./Core/Src/distance_sensor.o
 .debug_macro   0x0000000000012353       0xc5 ./Core/Src/distance_sensor.o
 .debug_macro   0x0000000000012418      0x21e ./Core/Src/distance_sensor.o
 .debug_macro   0x0000000000012636      0x236 ./Core/Src/distance_sensor.o
 .debug_macro   0x000000000001286c      0x685 ./Core/Src/distance_sensor.o
 .debug_macro   0x0000000000012ef1      0x16b ./Core/Src/distance_sensor.o
 .debug_macro   0x000000000001305c      0x115 ./Core/Src/distance_sensor.o
 .debug_macro   0x0000000000013171      0x567 ./Core/Src/distance_sensor.o
 .debug_macro   0x00000000000136d8      0x1e9 ./Core/Src/distance_sensor.o
 .debug_macro   0x00000000000138c1       0x22 ./Core/Src/distance_sensor.o
 .debug_macro   0x00000000000138e3      0x788 ./Core/Src/distance_sensor.o
 .debug_macro   0x000000000001406b       0xac ./Core/Src/distance_sensor.o
 .debug_macro   0x0000000000014117      0x170 ./Core/Src/distance_sensor.o
 .debug_macro   0x0000000000014287      0x492 ./Core/Src/distance_sensor.o
 .debug_macro   0x0000000000014719       0x34 ./Core/Src/distance_sensor.o
 .debug_macro   0x000000000001474d       0x28 ./Core/Src/distance_sensor.o
 .debug_macro   0x0000000000014775      0x123 ./Core/Src/distance_sensor.o
 .debug_macro   0x0000000000014898      0x15a ./Core/Src/distance_sensor.o
 .debug_macro   0x00000000000149f2       0xc2 ./Core/Src/distance_sensor.o
 .debug_macro   0x0000000000014ab4       0x10 ./Core/Src/distance_sensor.o